Archive member included to satisfy reference by file (symbol)

C:/Dev/tools/arm-gnu-toolchain-13.2.Rel1-mingw-w64-i686-arm-none-eabi/bin/../lib/gcc/arm-none-eabi/13.2.1/thumb/nofp\libgcc.a(_udivsi3.o)
                              debug/UART.o (__aeabi_uidiv)
C:/Dev/tools/arm-gnu-toolchain-13.2.Rel1-mingw-w64-i686-arm-none-eabi/bin/../lib/gcc/arm-none-eabi/13.2.1/thumb/nofp\libgcc.a(_dvmd_tls.o)
                              C:/Dev/tools/arm-gnu-toolchain-13.2.Rel1-mingw-w64-i686-arm-none-eabi/bin/../lib/gcc/arm-none-eabi/13.2.1/thumb/nofp\libgcc.a(_udivsi3.o) (__aeabi_idiv0)
C:/Dev/tools/arm-gnu-toolchain-13.2.Rel1-mingw-w64-i686-arm-none-eabi/bin/../lib/gcc/arm-none-eabi/13.2.1/thumb/nofp\libgcc.a(_arm_addsubdf3.o)
                              debug/UART.o (__aeabi_ui2d)
C:/Dev/tools/arm-gnu-toolchain-13.2.Rel1-mingw-w64-i686-arm-none-eabi/bin/../lib/gcc/arm-none-eabi/13.2.1/thumb/nofp\libgcc.a(_arm_muldivdf3.o)
                              debug/UART.o (__aeabi_ddiv)
C:/Dev/tools/arm-gnu-toolchain-13.2.Rel1-mingw-w64-i686-arm-none-eabi/bin/../lib/gcc/arm-none-eabi/13.2.1/thumb/nofp\libgcc.a(_arm_fixunsdfsi.o)
                              debug/UART.o (__aeabi_d2uiz)
C:/Dev/tools/arm-gnu-toolchain-13.2.Rel1-mingw-w64-i686-arm-none-eabi/bin/../lib/gcc/arm-none-eabi/13.2.1/thumb/nofp\libgcc.a(_arm_addsubsf3.o)
                              debug/Initial.o (__aeabi_ui2f)
C:/Dev/tools/arm-gnu-toolchain-13.2.Rel1-mingw-w64-i686-arm-none-eabi/bin/../lib/gcc/arm-none-eabi/13.2.1/thumb/nofp\libgcc.a(_arm_muldivsf3.o)
                              debug/UART.o (__aeabi_fdiv)
C:/Dev/tools/arm-gnu-toolchain-13.2.Rel1-mingw-w64-i686-arm-none-eabi/bin/../lib/gcc/arm-none-eabi/13.2.1/thumb/nofp\libgcc.a(_arm_cmpsf2.o)
                              debug/Options.o (__aeabi_fcmplt)
C:/Dev/tools/arm-gnu-toolchain-13.2.Rel1-mingw-w64-i686-arm-none-eabi/bin/../lib/gcc/arm-none-eabi/13.2.1/thumb/nofp\libgcc.a(_arm_unordsf2.o)
                              debug/Options.o (__aeabi_fcmpun)
C:/Dev/tools/arm-gnu-toolchain-13.2.Rel1-mingw-w64-i686-arm-none-eabi/bin/../lib/gcc/arm-none-eabi/13.2.1/thumb/nofp\libgcc.a(_arm_fixunssfsi.o)
                              debug/UART.o (__aeabi_f2uiz)
C:/Dev/tools/arm-gnu-toolchain-13.2.Rel1-mingw-w64-i686-arm-none-eabi/bin/../lib/gcc/arm-none-eabi/13.2.1/thumb/nofp\libgcc.a(unwind-arm.o)
                              debug/main.o (__aeabi_unwind_cpp_pr0)
C:/Dev/tools/arm-gnu-toolchain-13.2.Rel1-mingw-w64-i686-arm-none-eabi/bin/../lib/gcc/arm-none-eabi/13.2.1/thumb/nofp\libgcc.a(libunwind.o)
                              C:/Dev/tools/arm-gnu-toolchain-13.2.Rel1-mingw-w64-i686-arm-none-eabi/bin/../lib/gcc/arm-none-eabi/13.2.1/thumb/nofp\libgcc.a(unwind-arm.o) (restore_core_regs)
C:/Dev/tools/arm-gnu-toolchain-13.2.Rel1-mingw-w64-i686-arm-none-eabi/bin/../lib/gcc/arm-none-eabi/13.2.1/thumb/nofp\libgcc.a(pr-support.o)
                              C:/Dev/tools/arm-gnu-toolchain-13.2.Rel1-mingw-w64-i686-arm-none-eabi/bin/../lib/gcc/arm-none-eabi/13.2.1/thumb/nofp\libgcc.a(unwind-arm.o) (__gnu_unwind_execute)
C:/Dev/tools/arm-gnu-toolchain-13.2.Rel1-mingw-w64-i686-arm-none-eabi/bin/../lib/gcc/arm-none-eabi/13.2.1/thumb/nofp\librdimon.a(arm_librdimon_a-syscalls.o)
                              C:/Dev/tools/arm-gnu-toolchain-13.2.Rel1-mingw-w64-i686-arm-none-eabi/bin/../lib/gcc/arm-none-eabi/13.2.1/thumb/nofp/rdimon-crt0.o (__heap_limit)
C:/Dev/tools/arm-gnu-toolchain-13.2.Rel1-mingw-w64-i686-arm-none-eabi/bin/../lib/gcc/arm-none-eabi/13.2.1/thumb/nofp\libm.a(libm_a-s_ceil.o)
                              debug/UART.o (ceil)
C:/Dev/tools/arm-gnu-toolchain-13.2.Rel1-mingw-w64-i686-arm-none-eabi/bin/../lib/gcc/arm-none-eabi/13.2.1/thumb/nofp\libm.a(libm_a-s_floor.o)
                              debug/UART.o (floor)
C:/Dev/tools/arm-gnu-toolchain-13.2.Rel1-mingw-w64-i686-arm-none-eabi/bin/../lib/gcc/arm-none-eabi/13.2.1/thumb/nofp\libm.a(libm_a-s_round.o)
                              debug/UART.o (round)
C:/Dev/tools/arm-gnu-toolchain-13.2.Rel1-mingw-w64-i686-arm-none-eabi/bin/../lib/gcc/arm-none-eabi/13.2.1/thumb/nofp\libm.a(libm_a-sf_ceil.o)
                              debug/Options.o (ceilf)
C:/Dev/tools/arm-gnu-toolchain-13.2.Rel1-mingw-w64-i686-arm-none-eabi/bin/../lib/gcc/arm-none-eabi/13.2.1/thumb/nofp\libm.a(libm_a-sf_floor.o)
                              debug/UART.o (floorf)
C:/Dev/tools/arm-gnu-toolchain-13.2.Rel1-mingw-w64-i686-arm-none-eabi/bin/../lib/gcc/arm-none-eabi/13.2.1/thumb/nofp\libc.a(libc_a-abort.o)
                              C:/Dev/tools/arm-gnu-toolchain-13.2.Rel1-mingw-w64-i686-arm-none-eabi/bin/../lib/gcc/arm-none-eabi/13.2.1/thumb/nofp\libgcc.a(unwind-arm.o) (abort)
C:/Dev/tools/arm-gnu-toolchain-13.2.Rel1-mingw-w64-i686-arm-none-eabi/bin/../lib/gcc/arm-none-eabi/13.2.1/thumb/nofp\libc.a(libc_a-exit.o)
[...]
Memory Configuration

Name             Origin             Length             Attributes
*default*        0x00000000         0xffffffff

Linker script and memory map

LOAD C:/Dev/tools/arm-gnu-toolchain-13.2.Rel1-mingw-w64-i686-arm-none-eabi/bin/../lib/gcc/arm-none-eabi/13.2.1/thumb/nofp/crti.o
LOAD C:/Dev/tools/arm-gnu-toolchain-13.2.Rel1-mingw-w64-i686-arm-none-eabi/bin/../lib/gcc/arm-none-eabi/13.2.1/thumb/nofp/crtbegin.o
LOAD C:/Dev/tools/arm-gnu-toolchain-13.2.Rel1-mingw-w64-i686-arm-none-eabi/bin/../lib/gcc/arm-none-eabi/13.2.1/thumb/nofp/rdimon-crt0.o
LOAD debug/main.o
LOAD debug/Options.o
LOAD debug/ADuC7126Bits.o
LOAD debug/Initial.o
LOAD debug/UART.o
LOAD debug/ADCDriver.o
LOAD debug/LCDDriver.o
LOAD debug/PWMDriver.o
LOAD C:/Dev/tools/arm-gnu-toolchain-13.2.Rel1-mingw-w64-i686-arm-none-eabi/bin/../lib/gcc/arm-none-eabi/13.2.1/thumb/nofp\libgcc.a
LOAD C:/Dev/tools/arm-gnu-toolchain-13.2.Rel1-mingw-w64-i686-arm-none-eabi/bin/../lib/gcc/arm-none-eabi/13.2.1/thumb/nofp\librdimon.a
LOAD C:/Dev/tools/arm-gnu-toolchain-13.2.Rel1-mingw-w64-i686-arm-none-eabi/bin/../lib/gcc/arm-none-eabi/13.2.1/thumb/nofp\libstdc++.a
LOAD C:/Dev/tools/arm-gnu-toolchain-13.2.Rel1-mingw-w64-i686-arm-none-eabi/bin/../lib/gcc/arm-none-eabi/13.2.1/thumb/nofp\libm.a
LOAD C:/Dev/tools/arm-gnu-toolchain-13.2.Rel1-mingw-w64-i686-arm-none-eabi/bin/../lib/gcc/arm-none-eabi/13.2.1/thumb/nofp\libc.a
START GROUP
LOAD C:/Dev/tools/arm-gnu-toolchain-13.2.Rel1-mingw-w64-i686-arm-none-eabi/bin/../lib/gcc/arm-none-eabi/13.2.1/thumb/nofp\libgcc.a
LOAD C:/Dev/tools/arm-gnu-toolchain-13.2.Rel1-mingw-w64-i686-arm-none-eabi/bin/../lib/gcc/arm-none-eabi/13.2.1/thumb/nofp\libg.a
LOAD C:/Dev/tools/arm-gnu-toolchain-13.2.Rel1-mingw-w64-i686-arm-none-eabi/bin/../lib/gcc/arm-none-eabi/13.2.1/thumb/nofp\libc.a
END GROUP
START GROUP
LOAD C:/Dev/tools/arm-gnu-toolchain-13.2.Rel1-mingw-w64-i686-arm-none-eabi/bin/../lib/gcc/arm-none-eabi/13.2.1/thumb/nofp\libgcc.a
LOAD C:/Dev/tools/arm-gnu-toolchain-13.2.Rel1-mingw-w64-i686-arm-none-eabi/bin/../lib/gcc/arm-none-eabi/13.2.1/thumb/nofp\libc.a
LOAD C:/Dev/tools/arm-gnu-toolchain-13.2.Rel1-mingw-w64-i686-arm-none-eabi/bin/../lib/gcc/arm-none-eabi/13.2.1/thumb/nofp\librdimon.a
END GROUP
LOAD C:/Dev/tools/arm-gnu-toolchain-13.2.Rel1-mingw-w64-i686-arm-none-eabi/bin/../lib/gcc/arm-none-eabi/13.2.1/thumb/nofp/crtend.o
LOAD C:/Dev/tools/arm-gnu-toolchain-13.2.Rel1-mingw-w64-i686-arm-none-eabi/bin/../lib/gcc/arm-none-eabi/13.2.1/thumb/nofp/crtn.o
                [!provide]                        PROVIDE (__executable_start = SEGMENT_START ("text-segment", 0x8000))
                0x00008000                        . = SEGMENT_START ("text-segment", 0x8000)

.interp
 *(.interp)

.note.gnu.build-id
 *(.note.gnu.build-id)

.hash
 *(.hash)

.gnu.hash
 *(.gnu.hash)

.dynsym
 *(.dynsym)

.dynstr
 *(.dynstr)

.gnu.version
 *(.gnu.version)

.gnu.version_d
 *(.gnu.version_d)

.gnu.version_r
 *(.gnu.version_r)

.rel.dyn        0x00008000        0x0
 *(.rel.init)
 *(.rel.text .rel.text.* .rel.gnu.linkonce.t.*)
 *(.rel.fini)
 *(.rel.rodata .rel.rodata.* .rel.gnu.linkonce.r.*)
 *(.rel.data.rel.ro .rel.data.rel.ro.* .rel.gnu.linkonce.d.rel.ro.*)
 *(.rel.data .rel.data.* .rel.gnu.linkonce.d.*)
 *(.rel.tdata .rel.tdata.* .rel.gnu.linkonce.td.*)
 *(.rel.tbss .rel.tbss.* .rel.gnu.linkonce.tb.*)
 *(.rel.ctors)
 *(.rel.dtors)
 *(.rel.got)
 *(.rel.bss .rel.bss.* .rel.gnu.linkonce.b.*)
                [!provide]                        PROVIDE (__rel_iplt_start = .)
 *(.rel.iplt)
 .rel.iplt      0x00008000        0x0 C:/Dev/tools/arm-gnu-toolchain-13.2.Rel1-mingw-w64-i686-arm-none-eabi/bin/../lib/gcc/arm-none-eabi/13.2.1/thumb/nofp/crtbegin.o
                [!provide]                        PROVIDE (__rel_iplt_end = .)

.rela.dyn       0x00008000        0x0
 *(.rela.init)
 *(.rela.text .rela.text.* .rela.gnu.linkonce.t.*)
 *(.rela.fini)
 *(.rela.rodata .rela.rodata.* .rela.gnu.linkonce.r.*)
 *(.rela.data .rela.data.* .rela.gnu.linkonce.d.*)
 *(.rela.tdata .rela.tdata.* .rela.gnu.linkonce.td.*)
 *(.rela.tbss .rela.tbss.* .rela.gnu.linkonce.tb.*)
 *(.rela.ctors)
 *(.rela.dtors)
 *(.rela.got)
 *(.rela.bss .rela.bss.* .rela.gnu.linkonce.b.*)
                [!provide]                        PROVIDE (__rela_iplt_start = .)
 *(.rela.iplt)
                [!provide]                        PROVIDE (__rela_iplt_end = .)

.rel.plt
 *(.rel.plt)

.rela.plt
 *(.rela.plt)

.init           0x00008000        0xc
 *(SORT_NONE(.init))
 .init          0x00008000        0x4 C:/Dev/tools/arm-gnu-toolchain-13.2.Rel1-mingw-w64-i686-arm-none-eabi/bin/../lib/gcc/arm-none-eabi/13.2.1/thumb/nofp/crti.o
                0x00008000                _init
 .init          0x00008004        0x8 C:/Dev/tools/arm-gnu-toolchain-13.2.Rel1-mingw-w64-i686-arm-none-eabi/bin/../lib/gcc/arm-none-eabi/13.2.1/thumb/nofp/crtn.o

.plt
 *(.plt)

.iplt           0x0000800c        0x0
 *(.iplt)
 .iplt          0x0000800c        0x0 C:/Dev/tools/arm-gnu-toolchain-13.2.Rel1-mingw-w64-i686-arm-none-eabi/bin/../lib/gcc/arm-none-eabi/13.2.1/thumb/nofp/crtbegin.o

.gnu.sgstubs
 *(.gnu.sgstubs*)

.text           0x00008010     0x4df0
 *(.text.unlikely .text.*_unlikely .text.unlikely.*)
 *(.text.exit .text.exit.*)
 .text.exit     0x00008010       0x24 C:/Dev/tools/arm-gnu-toolchain-13.2.Rel1-mingw-w64-i686-arm-none-eabi/bin/../lib/gcc/arm-none-eabi/13.2.1/thumb/nofp\libc.a(libc_a-exit.o)
                0x00008010                exit
 *(.text.startup .text.startup.*)
 .text.startup.register_fini
                0x00008034       0x1c C:/Dev/tools/arm-gnu-toolchain-13.2.Rel1-mingw-w64-i686-arm-none-eabi/bin/../lib/gcc/arm-none-eabi/13.2.1/thumb/nofp\libc.a(libc_a-__call_atexit.o)
 *(.text.hot .text.hot.*)
 *(SORT_BY_NAME(.text.sorted.*))
 *(.text .stub .text.* .gnu.linkonce.t.*)
 .text.deregister_tm_clones
                0x00008050       0x2c C:/Dev/tools/arm-gnu-toolchain-13.2.Rel1-mingw-w64-i686-arm-none-eabi/bin/../lib/gcc/arm-none-eabi/13.2.1/thumb/nofp/crtbegin.o
 .text.register_tm_clones
                0x0000807c       0x34 C:/Dev/tools/arm-gnu-toolchain-13.2.Rel1-mingw-w64-i686-arm-none-eabi/bin/../lib/gcc/arm-none-eabi/13.2.1/thumb/nofp/crtbegin.o
 .text.__do_global_dtors_aux
                0x000080b0       0x30 C:/Dev/tools/arm-gnu-toolchain-13.2.Rel1-mingw-w64-i686-arm-none-eabi/bin/../lib/gcc/arm-none-eabi/13.2.1/thumb/nofp/crtbegin.o
 .text.frame_dummy
                0x000080e0       0x28 C:/Dev/tools/arm-gnu-toolchain-13.2.Rel1-mingw-w64-i686-arm-none-eabi/bin/../lib/gcc/arm-none-eabi/13.2.1/thumb/nofp/crtbegin.o
 .text          0x00008108      0x1cc C:/Dev/tools/arm-gnu-toolchain-13.2.Rel1-mingw-w64-i686-arm-none-eabi/bin/../lib/gcc/arm-none-eabi/13.2.1/thumb/nofp/rdimon-crt0.o
                0x00008108                _stack_init
                0x000081a0                _mainCRTStartup
                0x000081a0                _start
                0x00008218                __change_mode
                0x000082ac                change_back
 .text.main     0x000082d4       0x18 debug/main.o
                0x000082d4                main
 .text._ZSt4ceilf
                0x000082ec       0x1e debug/Options.o
                0x000082ec                std::ceil(float)
 .text._ZSt5isnanf
                0x0000830a       0x34 debug/Options.o
                0x0000830a                std::isnan(float)
 *fill*         0x0000833e        0x2 
 .text._Z10SetOptionsRK8SOptions
                0x00008340       0xd8 debug/Options.o
                0x00008340                SetOptions(SOptions const&)
 .text._Z10GetOptionsv
                0x00008418       0xd4 debug/Options.o
                0x00008418                GetOptions()
 .text._Z12InitialClockv
                0x000084ec      0x114 debug/Initial.o
                0x000084ec                InitialClock()
 .text._Z10InitialPWMv
                0x00008600       0x9c debug/Initial.o
                0x00008600                InitialPWM()
 .text._Z11InitialUARTv
                0x0000869c      0x140 debug/Initial.o
                0x0000869c                InitialUART()
 .text._Z13InitialTimer1v
                0x000087dc       0x7c debug/Initial.o
                0x000087dc                InitialTimer1()
 .text._Z13InitialTimer0v
                0x00008858       0x78 debug/Initial.o
                0x00008858                InitialTimer0()
 .text._Z13InitialTimer2v
                0x000088d0       0x70 debug/Initial.o
                0x000088d0                InitialTimer2()
 .text._Z10InitialADCv
                0x00008940       0xb0 debug/Initial.o
                0x00008940                InitialADC()
 .text._Z10InitialPLAv
                0x000089f0      0x104 debug/Initial.o
                0x000089f0                InitialPLA()
 .text._Z11InitialGPIOv
                0x00008af4      0x240 debug/Initial.o
                0x00008af4                InitialGPIO()
 .text._Z10InitialCPUv
                0x00008d34       0x32 debug/Initial.o
                0x00008d34                InitialCPU()
 .text._ZSt5floorf
                0x00008d66       0x1e debug/UART.o
                0x00008d66                std::floor(float)
 .text._Z11FindDividerRKfRtRhS1_
                0x00008d84      0x208 debug/UART.o
                0x00008d84                FindDivider(float const&, unsigned short&, unsigned char&, unsigned short&)
 .text._Z5DelayRKj
                0x00008f8c       0x2a debug/LCDDriver.o
                0x00008f8c                Delay(unsigned int const&)
 *fill*         0x00008fb6        0x2 
 .text._Z15LCDReadRegisterv
                0x00008fb8       0x94 debug/LCDDriver.o
                0x00008fb8                LCDReadRegister()
 .text._Z16LCDWriteRegisterRKh
                0x0000904c       0x98 debug/LCDDriver.o
                0x0000904c                LCDWriteRegister(unsigned char const&)
 .text._Z10InitialLCDv
                0x000090e4       0x9c debug/LCDDriver.o
                0x000090e4                InitialLCD()
 .text          0x00009180      0x11c C:/Dev/tools/arm-gnu-toolchain-13.2.Rel1-mingw-w64-i686-arm-none-eabi/bin/../lib/gcc/arm-none-eabi/13.2.1/thumb/nofp\libgcc.a(_udivsi3.o)
                0x00009180                __aeabi_uidiv
                0x00009180                __udivsi3
                0x0000927c                __aeabi_uidivmod
 .text          0x0000929c        0x4 C:/Dev/tools/arm-gnu-toolchain-13.2.Rel1-mingw-w64-i686-arm-none-eabi/bin/../lib/gcc/arm-none-eabi/13.2.1/thumb/nofp\libgcc.a(_dvmd_tls.o)
                0x0000929c                __aeabi_idiv0
                0x0000929c                __aeabi_ldiv0
 .text          0x000092a0      0x424 C:/Dev/tools/arm-gnu-toolchain-13.2.Rel1-mingw-w64-i686-arm-none-eabi/bin/../lib/gcc/arm-none-eabi/13.2.1/thumb/nofp\libgcc.a(_arm_addsubdf3.o)
                0x000092a0                __aeabi_drsub
                0x000092a8                __aeabi_dsub
                0x000092a8                __subdf3
                0x000092ac                __aeabi_dadd
                0x000092ac                __adddf3
                0x000095bc                __floatunsidf
                0x000095bc                __aeabi_ui2d
                0x000095e0                __floatsidf
                0x000095e0                __aeabi_i2d
                0x00009608                __aeabi_f2d
                0x00009608                __extendsfdf2
                0x00009650                __floatundidf
                0x00009650                __aeabi_ul2d
                0x00009664                __floatdidf
                0x00009664                __aeabi_l2d
 .text          0x000096c4      0x49c C:/Dev/tools/arm-gnu-toolchain-13.2.Rel1-mingw-w64-i686-arm-none-eabi/bin/../lib/gcc/arm-none-eabi/13.2.1/thumb/nofp\libgcc.a(_arm_muldivdf3.o)
                0x000096c4                __aeabi_dmul
                0x000096c4                __muldf3
                0x00009954                __divdf3
                0x00009954                __aeabi_ddiv
 .text          0x00009b60       0x54 C:/Dev/tools/arm-gnu-toolchain-13.2.Rel1-mingw-w64-i686-arm-none-eabi/bin/../lib/gcc/arm-none-eabi/13.2.1/thumb/nofp\libgcc.a(_arm_fixunsdfsi.o)
                0x00009b60                __aeabi_d2uiz
                0x00009b60                __fixunsdfsi
 .text          0x00009bb4      0x2ac C:/Dev/tools/arm-gnu-toolchain-13.2.Rel1-mingw-w64-i686-arm-none-eabi/bin/../lib/gcc/arm-none-eabi/13.2.1/thumb/nofp\libgcc.a(_arm_addsubsf3.o)
                0x00009bb4                __aeabi_frsub
                0x00009bbc                __subsf3
                0x00009bbc                __aeabi_fsub
                0x00009bc0                __aeabi_fadd
                0x00009bc0                __addsf3
                0x00009d7c                __aeabi_ui2f
                0x00009d7c                __floatunsisf
                0x00009d84                __aeabi_i2f
                0x00009d84                __floatsisf
                0x00009da4                __aeabi_ul2f
                0x00009da4                __floatundisf
                0x00009db4                __aeabi_l2f
                0x00009db4                __floatdisf
 .text          0x00009e60      0x2f8 C:/Dev/tools/arm-gnu-toolchain-13.2.Rel1-mingw-w64-i686-arm-none-eabi/bin/../lib/gcc/arm-none-eabi/13.2.1/thumb/nofp\libgcc.a(_arm_muldivsf3.o)
                0x00009e60                __mulsf3
                0x00009e60                __aeabi_fmul
                0x00009ff8                __aeabi_fdiv
                0x00009ff8                __divsf3
 .text          0x0000a158      0x114 C:/Dev/tools/arm-gnu-toolchain-13.2.Rel1-mingw-w64-i686-arm-none-eabi/bin/../lib/gcc/arm-none-eabi/13.2.1/thumb/nofp\libgcc.a(_arm_cmpsf2.o)
                0x0000a158                __gesf2
                0x0000a158                __gtsf2
                0x0000a160                __lesf2
                0x0000a160                __ltsf2
                0x0000a168                __nesf2
                0x0000a168                __eqsf2
                0x0000a168                __cmpsf2
                0x0000a1cc                __aeabi_cfrcmple
                0x0000a1dc                __aeabi_cfcmpeq
                0x0000a1dc                __aeabi_cfcmple
                0x0000a1f4                __aeabi_fcmpeq
                0x0000a20c                __aeabi_fcmplt
                0x0000a224                __aeabi_fcmple
                0x0000a23c                __aeabi_fcmpge
                0x0000a254                __aeabi_fcmpgt
 .text          0x0000a26c       0x38 C:/Dev/tools/arm-gnu-toolchain-13.2.Rel1-mingw-w64-i686-arm-none-eabi/bin/../lib/gcc/arm-none-eabi/13.2.1/thumb/nofp\libgcc.a(_arm_unordsf2.o)
                0x0000a26c                __unordsf2
                0x0000a26c                __aeabi_fcmpun
 .text          0x0000a2a4       0x54 C:/Dev/tools/arm-gnu-toolchain-13.2.Rel1-mingw-w64-i686-arm-none-eabi/bin/../lib/gcc/arm-none-eabi/13.2.1/thumb/nofp\libgcc.a(_arm_fixunssfsi.o)
                0x0000a2a4                __fixunssfsi
                0x0000a2a4                __aeabi_f2uiz
 .text.selfrel_offset31
                0x0000a2f8       0x18 C:/Dev/tools/arm-gnu-toolchain-13.2.Rel1-mingw-w64-i686-arm-none-eabi/bin/../lib/gcc/arm-none-eabi/13.2.1/thumb/nofp\libgcc.a(unwind-arm.o)
 .text.search_EIT_table
                0x0000a310       0x74 C:/Dev/tools/arm-gnu-toolchain-13.2.Rel1-mingw-w64-i686-arm-none-eabi/bin/../lib/gcc/arm-none-eabi/13.2.1/thumb/nofp\libgcc.a(unwind-arm.o)
 .text.__gnu_unwind_get_pr_addr
                0x0000a384       0x28 C:/Dev/tools/arm-gnu-toolchain-13.2.Rel1-mingw-w64-i686-arm-none-eabi/bin/../lib/gcc/arm-none-eabi/13.2.1/thumb/nofp\libgcc.a(unwind-arm.o)
 .text.get_eit_entry
                0x0000a3ac       0x98 C:/Dev/tools/arm-gnu-toolchain-13.2.Rel1-mingw-w64-i686-arm-none-eabi/bin/../lib/gcc/arm-none-eabi/13.2.1/thumb/nofp\libgcc.a(unwind-arm.o)
 .text.restore_non_core_regs
                0x0000a444       0x60 C:/Dev/tools/arm-gnu-toolchain-13.2.Rel1-mingw-w64-i686-arm-none-eabi/bin/../lib/gcc/arm-none-eabi/13.2.1/thumb/nofp\libgcc.a(unwind-arm.o)
 .text._Unwind_decode_typeinfo_ptr.constprop.0
                0x0000a4a4        0xc C:/Dev/tools/arm-gnu-toolchain-13.2.Rel1-mingw-w64-i686-arm-none-eabi/bin/../lib/gcc/arm-none-eabi/13.2.1/thumb/nofp\libgcc.a(unwind-arm.o)
 .text._Unwind_DebugHook
                0x0000a4b0        0x4 C:/Dev/tools/arm-gnu-toolchain-13.2.Rel1-mingw-w64-i686-arm-none-eabi/bin/../lib/gcc/arm-none-eabi/13.2.1/thumb/nofp\libgcc.a(unwind-arm.o)
 .text.unwind_phase2
                0x0000a4b4       0x40 C:/Dev/tools/arm-gnu-toolchain-13.2.Rel1-mingw-w64-i686-arm-none-eabi/bin/../lib/gcc/arm-none-eabi/13.2.1/thumb/nofp\libgcc.a(unwind-arm.o)
 .text.unwind_phase2_forced
                0x0000a4f4       0xd8 C:/Dev/tools/arm-gnu-toolchain-13.2.Rel1-mingw-w64-i686-arm-none-eabi/bin/../lib/gcc/arm-none-eabi/13.2.1/thumb/nofp\libgcc.a(unwind-arm.o)
 .text.__gnu_Unwind_RaiseException
                0x0000a5cc       0x58 C:/Dev/tools/arm-gnu-toolchain-13.2.Rel1-mingw-w64-i686-arm-none-eabi/bin/../lib/gcc/arm-none-eabi/13.2.1/thumb/nofp\libgcc.a(unwind-arm.o)
                0x0000a5cc                __gnu_Unwind_RaiseException
 .text.__gnu_Unwind_ForcedUnwind
                0x0000a624       0x18 C:/Dev/tools/arm-gnu-toolchain-13.2.Rel1-mingw-w64-i686-arm-none-eabi/bin/../lib/gcc/arm-none-eabi/13.2.1/thumb/nofp\libgcc.a(unwind-arm.o)
                0x0000a624                __gnu_Unwind_ForcedUnwind
 .text.__gnu_Unwind_Resume
                0x0000a63c       0x4c C:/Dev/tools/arm-gnu-toolchain-13.2.Rel1-mingw-w64-i686-arm-none-eabi/bin/../lib/gcc/arm-none-eabi/13.2.1/thumb/nofp\libgcc.a(unwind-arm.o)
                0x0000a63c                __gnu_Unwind_Resume
 .text.__gnu_Unwind_Resume_or_Rethrow
                0x0000a688       0x20 C:/Dev/tools/arm-gnu-toolchain-13.2.Rel1-mingw-w64-i686-arm-none-eabi/bin/../lib/gcc/arm-none-eabi/13.2.1/thumb/nofp\libgcc.a(unwind-arm.o)
                0x0000a688                __gnu_Unwind_Resume_or_Rethrow
 .text._Unwind_VRS_Get
                0x0000a6a8       0x44 C:/Dev/tools/arm-gnu-toolchain-13.2.Rel1-mingw-w64-i686-arm-none-eabi/bin/../lib/gcc/arm-none-eabi/13.2.1/thumb/nofp\libgcc.a(unwind-arm.o)
                0x0000a6a8                _Unwind_VRS_Get
 .text._Unwind_GetGR
                0x0000a6ec       0x1c C:/Dev/tools/arm-gnu-toolchain-13.2.Rel1-mingw-w64-i686-arm-none-eabi/bin/../lib/gcc/arm-none-eabi/13.2.1/thumb/nofp\libgcc.a(unwind-arm.o)
 .text._Unwind_VRS_Set
                0x0000a708       0x44 C:/Dev/tools/arm-gnu-toolchain-13.2.Rel1-mingw-w64-i686-arm-none-eabi/bin/../lib/gcc/arm-none-eabi/13.2.1/thumb/nofp\libgcc.a(unwind-arm.o)
                0x0000a708                _Unwind_VRS_Set
 .text._Unwind_SetGR
                0x0000a74c       0x1c C:/Dev/tools/arm-gnu-toolchain-13.2.Rel1-mingw-w64-i686-arm-none-eabi/bin/../lib/gcc/arm-none-eabi/13.2.1/thumb/nofp\libgcc.a(unwind-arm.o)
 .text.__gnu_Unwind_Backtrace
                0x0000a768       0x78 C:/Dev/tools/arm-gnu-toolchain-13.2.Rel1-mingw-w64-i686-arm-none-eabi/bin/../lib/gcc/arm-none-eabi/13.2.1/thumb/nofp\libgcc.a(unwind-arm.o)
                0x0000a768                __gnu_Unwind_Backtrace
 .text.__gnu_unwind_pr_common
                0x0000a7e0      0x2e8 C:/Dev/tools/arm-gnu-toolchain-13.2.Rel1-mingw-w64-i686-arm-none-eabi/bin/../lib/gcc/arm-none-eabi/13.2.1/thumb/nofp\libgcc.a(unwind-arm.o)
 .text.__aeabi_unwind_cpp_pr0
                0x0000aac8       0x10 C:/Dev/tools/arm-gnu-toolchain-13.2.Rel1-mingw-w64-i686-arm-none-eabi/bin/../lib/gcc/arm-none-eabi/13.2.1/thumb/nofp\libgcc.a(unwind-arm.o)
                0x0000aac8                __aeabi_unwind_cpp_pr0
 .text.__aeabi_unwind_cpp_pr1
                0x0000aad8       0x10 C:/Dev/tools/arm-gnu-toolchain-13.2.Rel1-mingw-w64-i686-arm-none-eabi/bin/../lib/gcc/arm-none-eabi/13.2.1/thumb/nofp\libgcc.a(unwind-arm.o)
                0x0000aad8                __aeabi_unwind_cpp_pr1
 .text.__aeabi_unwind_cpp_pr2
                0x0000aae8       0x10 C:/Dev/tools/arm-gnu-toolchain-13.2.Rel1-mingw-w64-i686-arm-none-eabi/bin/../lib/gcc/arm-none-eabi/13.2.1/thumb/nofp\libgcc.a(unwind-arm.o)
                0x0000aae8                __aeabi_unwind_cpp_pr2
 .text._Unwind_VRS_Pop
                0x0000aaf8      0x2b4 C:/Dev/tools/arm-gnu-toolchain-13.2.Rel1-mingw-w64-i686-arm-none-eabi/bin/../lib/gcc/arm-none-eabi/13.2.1/thumb/nofp\libgcc.a(unwind-arm.o)
                0x0000aaf8                _Unwind_VRS_Pop
 .text          0x0000adac      0x1d8 C:/Dev/tools/arm-gnu-toolchain-13.2.Rel1-mingw-w64-i686-arm-none-eabi/bin/../lib/gcc/arm-none-eabi/13.2.1/thumb/nofp\libgcc.a(libunwind.o)
                0x0000adac                __restore_core_regs
                0x0000adac                restore_core_regs
                0x0000adc8                __gnu_Unwind_Restore_VFP
                0x0000add0                __gnu_Unwind_Save_VFP
                0x0000add8                __gnu_Unwind_Restore_VFP_D
                0x0000ade0                __gnu_Unwind_Save_VFP_D
                0x0000ade8                __gnu_Unwind_Restore_VFP_D_16_to_31
                0x0000adf0                __gnu_Unwind_Save_VFP_D_16_to_31
                0x0000adf8                __gnu_Unwind_Restore_WMMXD
                0x0000ae3c                __gnu_Unwind_Save_WMMXD
                0x0000ae80                __gnu_Unwind_Restore_WMMXC
                0x0000ae94                __gnu_Unwind_Save_WMMXC
                0x0000aea8                ___Unwind_RaiseException
                0x0000aea8                _Unwind_RaiseException
                0x0000aed4                _Unwind_Resume
                0x0000aed4                ___Unwind_Resume
                0x0000af00                _Unwind_Resume_or_Rethrow
                0x0000af00                ___Unwind_Resume_or_Rethrow
                0x0000af2c                _Unwind_ForcedUnwind
                0x0000af2c                ___Unwind_ForcedUnwind
                0x0000af58                ___Unwind_Backtrace
                0x0000af58                _Unwind_Backtrace
 .text.next_unwind_byte
                0x0000af84       0x34 C:/Dev/tools/arm-gnu-toolchain-13.2.Rel1-mingw-w64-i686-arm-none-eabi/bin/../lib/gcc/arm-none-eabi/13.2.1/thumb/nofp\libgcc.a(pr-support.o)
 .text.__gnu_unwind_execute
                0x0000afb8      0x310 C:/Dev/tools/arm-gnu-toolchain-13.2.Rel1-mingw-w64-i686-arm-none-eabi/bin/../lib/gcc/arm-none-eabi/13.2.1/thumb/nofp\libgcc.a(pr-support.o)
                0x0000afb8                __gnu_unwind_execute
 .text._read    0x0000b2c8       0x94 C:/Dev/tools/arm-gnu-toolchain-13.2.Rel1-mingw-w64-i686-arm-none-eabi/bin/../lib/gcc/arm-none-eabi/13.2.1/thumb/nofp\librdimon.a(arm_librdimon_a-syscalls.o)
                0x0000b2c8                _read
 .text._swilseek
                0x0000b35c       0xc0 C:/Dev/tools/arm-gnu-toolchain-13.2.Rel1-mingw-w64-i686-arm-none-eabi/bin/../lib/gcc/arm-none-eabi/13.2.1/thumb/nofp\librdimon.a(arm_librdimon_a-syscalls.o)
                0x0000b35c                _swilseek
 .text._lseek   0x0000b41c        0xc C:/Dev/tools/arm-gnu-toolchain-13.2.Rel1-mingw-w64-i686-arm-none-eabi/bin/../lib/gcc/arm-none-eabi/13.2.1/thumb/nofp\librdimon.a(arm_librdimon_a-syscalls.o)
                0x0000b41c                _lseek
 .text._write   0x0000b428       0xac C:/Dev/tools/arm-gnu-toolchain-13.2.Rel1-mingw-w64-i686-arm-none-eabi/bin/../lib/gcc/arm-none-eabi/13.2.1/thumb/nofp\librdimon.a(arm_librdimon_a-syscalls.o)
                0x0000b428                _write
 .text._close   0x0000b4d4       0x94 C:/Dev/tools/arm-gnu-toolchain-13.2.Rel1-mingw-w64-i686-arm-none-eabi/bin/../lib/gcc/arm-none-eabi/13.2.1/thumb/nofp\librdimon.a(arm_librdimon_a-syscalls.o)
                0x0000b4d4                _close
 .text._getpid  0x0000b568        0x4 C:/Dev/tools/arm-gnu-toolchain-13.2.Rel1-mingw-w64-i686-arm-none-eabi/bin/../lib/gcc/arm-none-eabi/13.2.1/thumb/nofp\librdimon.a(arm_librdimon_a-syscalls.o)
                0x0000b568                _getpid
 .text._sbrk    0x0000b56c       0x50 C:/Dev/tools/arm-gnu-toolchain-13.2.Rel1-mingw-w64-i686-arm-none-eabi/bin/../lib/gcc/arm-none-eabi/13.2.1/thumb/nofp\librdimon.a(arm_librdimon_a-syscalls.o)
                0x0000b56c                _sbrk
 .text._swistat
                0x0000b5bc       0x80 C:/Dev/tools/arm-gnu-toolchain-13.2.Rel1-mingw-w64-i686-arm-none-eabi/bin/../lib/gcc/arm-none-eabi/13.2.1/thumb/nofp\librdimon.a(arm_librdimon_a-syscalls.o)
                0x0000b5bc                _swistat
 .text._stat    0x0000b63c       0x44 C:/Dev/tools/arm-gnu-toolchain-13.2.Rel1-mingw-w64-i686-arm-none-eabi/bin/../lib/gcc/arm-none-eabi/13.2.1/thumb/nofp\librdimon.a(arm_librdimon_a-syscalls.o)
                0x0000b63c                _stat
 .text._swiopen
                0x0000b680       0xd4 C:/Dev/tools/arm-gnu-toolchain-13.2.Rel1-mingw-w64-i686-arm-none-eabi/bin/../lib/gcc/arm-none-eabi/13.2.1/thumb/nofp\librdimon.a(arm_librdimon_a-syscalls.o)
                0x0000b680                _swiopen
 .text._get_semihosting_exts
                0x0000b754      0x10c C:/Dev/tools/arm-gnu-toolchain-13.2.Rel1-mingw-w64-i686-arm-none-eabi/bin/../lib/gcc/arm-none-eabi/13.2.1/thumb/nofp\librdimon.a(arm_librdimon_a-syscalls.o)
                0x0000b754                _get_semihosting_exts
 .text._has_ext_exit_extended
                0x0000b860       0x4c C:/Dev/tools/arm-gnu-toolchain-13.2.Rel1-mingw-w64-i686-arm-none-eabi/bin/../lib/gcc/arm-none-eabi/13.2.1/thumb/nofp\librdimon.a(arm_librdimon_a-syscalls.o)
                0x0000b860                _has_ext_exit_extended
 .text.initialise_monitor_handles
                0x0000b8ac      0x170 C:/Dev/tools/arm-gnu-toolchain-13.2.Rel1-mingw-w64-i686-arm-none-eabi/bin/../lib/gcc/arm-none-eabi/13.2.1/thumb/nofp\librdimon.a(arm_librdimon_a-syscalls.o)
                0x0000b8ac                initialise_monitor_handles
 .text.ceil     0x0000ba1c      0x118 C:/Dev/tools/arm-gnu-toolchain-13.2.Rel1-mingw-w64-i686-arm-none-eabi/bin/../lib/gcc/arm-none-eabi/13.2.1/thumb/nofp\libm.a(libm_a-s_ceil.o)
                0x0000ba1c                ceil
 .text.floor    0x0000bb34      0x120 C:/Dev/tools/arm-gnu-toolchain-13.2.Rel1-mingw-w64-i686-arm-none-eabi/bin/../lib/gcc/arm-none-eabi/13.2.1/thumb/nofp\libm.a(libm_a-s_floor.o)
                0x0000bb34                floor
 .text.round    0x0000bc54       0xa0 C:/Dev/tools/arm-gnu-toolchain-13.2.Rel1-mingw-w64-i686-arm-none-eabi/bin/../lib/gcc/arm-none-eabi/13.2.1/thumb/nofp\libm.a(libm_a-s_round.o)
                0x0000bc54                round
 .text.ceilf    0x0000bcf4       0x94 C:/Dev/tools/arm-gnu-toolchain-13.2.Rel1-mingw-w64-i686-arm-none-eabi/bin/../lib/gcc/arm-none-eabi/13.2.1/thumb/nofp\libm.a(libm_a-sf_ceil.o)
                0x0000bcf4                ceilf
 .text.floorf   0x0000bd88       0x98 C:/Dev/tools/arm-gnu-toolchain-13.2.Rel1-mingw-w64-i686-arm-none-eabi/bin/../lib/gcc/arm-none-eabi/13.2.1/thumb/nofp\libm.a(libm_a-sf_floor.o)
                0x0000bd88                floorf
 .text.abort    0x0000be20       0x10 C:/Dev/tools/arm-gnu-toolchain-13.2.Rel1-mingw-w64-i686-arm-none-eabi/bin/../lib/gcc/arm-none-eabi/13.2.1/thumb/nofp\libc.a(libc_a-abort.o)
                0x0000be20                abort
 .text.stdio_exit_handler
                0x0000be30       0x20 C:/Dev/tools/arm-gnu-toolchain-13.2.Rel1-mingw-w64-i686-arm-none-eabi/bin/../lib/gcc/arm-none-eabi/13.2.1/thumb/nofp\libc.a(libc_a-findfp.o)
 .text.cleanup_stdio
                0x0000be50       0x40 C:/Dev/tools/arm-gnu-toolchain-13.2.Rel1-mingw-w64-i686-arm-none-eabi/bin/../lib/gcc/arm-none-eabi/13.2.1/thumb/nofp\libc.a(libc_a-findfp.o)
 .text.global_stdio_init.part.0
                0x0000be90      0x11c C:/Dev/tools/arm-gnu-toolchain-13.2.Rel1-mingw-w64-i686-arm-none-eabi/bin/../lib/gcc/arm-none-eabi/13.2.1/thumb/nofp\libc.a(libc_a-findfp.o)
 .text.__sinit  0x0000bfac       0x3c C:/Dev/tools/arm-gnu-toolchain-13.2.Rel1-mingw-w64-i686-arm-none-eabi/bin/../lib/gcc/arm-none-eabi/13.2.1/thumb/nofp\libc.a(libc_a-findfp.o)
                0x0000bfac                __sinit
 .text.__sfp_lock_acquire
                0x0000bfe8       0x14 C:/Dev/tools/arm-gnu-toolchain-13.2.Rel1-mingw-w64-i686-arm-none-eabi/bin/../lib/gcc/arm-none-eabi/13.2.1/thumb/nofp\libc.a(libc_a-findfp.o)
                0x0000bfe8                __sfp_lock_acquire
 .text.__sfp_lock_release
                0x0000bffc       0x14 C:/Dev/tools/arm-gnu-toolchain-13.2.Rel1-mingw-w64-i686-arm-none-eabi/bin/../lib/gcc/arm-none-eabi/13.2.1/thumb/nofp\libc.a(libc_a-findfp.o)
                0x0000bffc                __sfp_lock_release
 .text._fwalk_sglue
                0x0000c010       0x4c C:/Dev/tools/arm-gnu-toolchain-13.2.Rel1-mingw-w64-i686-arm-none-eabi/bin/../lib/gcc/arm-none-eabi/13.2.1/thumb/nofp\libc.a(libc_a-fwalk.o)
                0x0000c010                _fwalk_sglue
 .text.__sread  0x0000c05c       0x2c C:/Dev/tools/arm-gnu-toolchain-13.2.Rel1-mingw-w64-i686-arm-none-eabi/bin/../lib/gcc/arm-none-eabi/13.2.1/thumb/nofp\libc.a(libc_a-stdio.o)
                0x0000c05c                __sread
 .text.__swrite
                0x0000c088       0x44 C:/Dev/tools/arm-gnu-toolchain-13.2.Rel1-mingw-w64-i686-arm-none-eabi/bin/../lib/gcc/arm-none-eabi/13.2.1/thumb/nofp\libc.a(libc_a-stdio.o)
                0x0000c088                __swrite
 .text.__sseek  0x0000c0cc       0x38 C:/Dev/tools/arm-gnu-toolchain-13.2.Rel1-mingw-w64-i686-arm-none-eabi/bin/../lib/gcc/arm-none-eabi/13.2.1/thumb/nofp\libc.a(libc_a-stdio.o)
                0x0000c0cc                __sseek
 .text.__sclose
                0x0000c104       0x10 C:/Dev/tools/arm-gnu-toolchain-13.2.Rel1-mingw-w64-i686-arm-none-eabi/bin/../lib/gcc/arm-none-eabi/13.2.1/thumb/nofp\libc.a(libc_a-stdio.o)
                0x0000c104                __sclose
 .text.memset   0x0000c114       0xb0 C:/Dev/tools/arm-gnu-toolchain-13.2.Rel1-mingw-w64-i686-arm-none-eabi/bin/../lib/gcc/arm-none-eabi/13.2.1/thumb/nofp\libc.a(libc_a-memset.o)
                0x0000c114                memset
 .text.raise    0x0000c1c4       0x64 C:/Dev/tools/arm-gnu-toolchain-13.2.Rel1-mingw-w64-i686-arm-none-eabi/bin/../lib/gcc/arm-none-eabi/13.2.1/thumb/nofp\libc.a(libc_a-signal.o)
                0x0000c1c4                raise
 .text._close_r
                0x0000c228       0x28 C:/Dev/tools/arm-gnu-toolchain-13.2.Rel1-mingw-w64-i686-arm-none-eabi/bin/../lib/gcc/arm-none-eabi/13.2.1/thumb/nofp\libc.a(libc_a-closer.o)
                0x0000c228                _close_r
 .text._lseek_r
                0x0000c250       0x2c C:/Dev/tools/arm-gnu-toolchain-13.2.Rel1-mingw-w64-i686-arm-none-eabi/bin/../lib/gcc/arm-none-eabi/13.2.1/thumb/nofp\libc.a(libc_a-lseekr.o)
                0x0000c250                _lseek_r
 .text._read_r  0x0000c27c       0x2c C:/Dev/tools/arm-gnu-toolchain-13.2.Rel1-mingw-w64-i686-arm-none-eabi/bin/../lib/gcc/arm-none-eabi/13.2.1/thumb/nofp\libc.a(libc_a-readr.o)
                0x0000c27c                _read_r
 .text._kill_r  0x0000c2a8       0x2c C:/Dev/tools/arm-gnu-toolchain-13.2.Rel1-mingw-w64-i686-arm-none-eabi/bin/../lib/gcc/arm-none-eabi/13.2.1/thumb/nofp\libc.a(libc_a-signalr.o)
                0x0000c2a8                _kill_r
 .text._getpid_r
                0x0000c2d4        0xc C:/Dev/tools/arm-gnu-toolchain-13.2.Rel1-mingw-w64-i686-arm-none-eabi/bin/../lib/gcc/arm-none-eabi/13.2.1/thumb/nofp\libc.a(libc_a-signalr.o)
                0x0000c2d4                _getpid_r
 .text._write_r
                0x0000c2e0       0x2c C:/Dev/tools/arm-gnu-toolchain-13.2.Rel1-mingw-w64-i686-arm-none-eabi/bin/../lib/gcc/arm-none-eabi/13.2.1/thumb/nofp\libc.a(libc_a-writer.o)
                0x0000c2e0                _write_r
 .text.__errno  0x0000c30c        0xc C:/Dev/tools/arm-gnu-toolchain-13.2.Rel1-mingw-w64-i686-arm-none-eabi/bin/../lib/gcc/arm-none-eabi/13.2.1/thumb/nofp\libc.a(libc_a-errno.o)
                0x0000c30c                __errno
 .text.__libc_init_array
                0x0000c318       0x54 C:/Dev/tools/arm-gnu-toolchain-13.2.Rel1-mingw-w64-i686-arm-none-eabi/bin/../lib/gcc/arm-none-eabi/13.2.1/thumb/nofp\libc.a(libc_a-init.o)
                0x0000c318                __libc_init_array
 .text.__retarget_lock_init_recursive
                0x0000c36c        0x4 C:/Dev/tools/arm-gnu-toolchain-13.2.Rel1-mingw-w64-i686-arm-none-eabi/bin/../lib/gcc/arm-none-eabi/13.2.1/thumb/nofp\libc.a(libc_a-lock.o)
                0x0000c36c                __retarget_lock_init_recursive
 .text.__retarget_lock_close_recursive
                0x0000c370        0x4 C:/Dev/tools/arm-gnu-toolchain-13.2.Rel1-mingw-w64-i686-arm-none-eabi/bin/../lib/gcc/arm-none-eabi/13.2.1/thumb/nofp\libc.a(libc_a-lock.o)
                0x0000c370                __retarget_lock_close_recursive
 .text.__retarget_lock_acquire_recursive
                0x0000c374        0x4 C:/Dev/tools/arm-gnu-toolchain-13.2.Rel1-mingw-w64-i686-arm-none-eabi/bin/../lib/gcc/arm-none-eabi/13.2.1/thumb/nofp\libc.a(libc_a-lock.o)
                0x0000c374                __retarget_lock_acquire_recursive
 .text.__retarget_lock_release_recursive
                0x0000c378        0x4 C:/Dev/tools/arm-gnu-toolchain-13.2.Rel1-mingw-w64-i686-arm-none-eabi/bin/../lib/gcc/arm-none-eabi/13.2.1/thumb/nofp\libc.a(libc_a-lock.o)
                0x0000c378                __retarget_lock_release_recursive
 .text.memcpy   0x0000c37c       0x90 C:/Dev/tools/arm-gnu-toolchain-13.2.Rel1-mingw-w64-i686-arm-none-eabi/bin/../lib/gcc/arm-none-eabi/13.2.1/thumb/nofp\libc.a(libc_a-memcpy-stub.o)
                0x0000c37c                memcpy
 .text.strlen   0x0000c40c       0x60 C:/Dev/tools/arm-gnu-toolchain-13.2.Rel1-mingw-w64-i686-arm-none-eabi/bin/../lib/gcc/arm-none-eabi/13.2.1/thumb/nofp\libc.a(libc_a-strlen-stub.o)
                0x0000c40c                strlen
 .text.__call_exitprocs
                0x0000c46c       0xf4 C:/Dev/tools/arm-gnu-toolchain-13.2.Rel1-mingw-w64-i686-arm-none-eabi/bin/../lib/gcc/arm-none-eabi/13.2.1/thumb/nofp\libc.a(libc_a-__call_atexit.o)
                0x0000c46c                __call_exitprocs
 .text.atexit   0x0000c560       0x14 C:/Dev/tools/arm-gnu-toolchain-13.2.Rel1-mingw-w64-i686-arm-none-eabi/bin/../lib/gcc/arm-none-eabi/13.2.1/thumb/nofp\libc.a(libc_a-atexit.o)
                0x0000c560                atexit
 .text._malloc_trim_r
                0x0000c574       0xb8 C:/Dev/tools/arm-gnu-toolchain-13.2.Rel1-mingw-w64-i686-arm-none-eabi/bin/../lib/gcc/arm-none-eabi/13.2.1/thumb/nofp\libc.a(libc_a-freer.o)
                0x0000c574                _malloc_trim_r
 .text._free_r  0x0000c62c      0x1d8 C:/Dev/tools/arm-gnu-toolchain-13.2.Rel1-mingw-w64-i686-arm-none-eabi/bin/../lib/gcc/arm-none-eabi/13.2.1/thumb/nofp\libc.a(libc_a-freer.o)
                0x0000c62c                _free_r
 .text.__malloc_lock
                0x0000c804       0x14 C:/Dev/tools/arm-gnu-toolchain-13.2.Rel1-mingw-w64-i686-arm-none-eabi/bin/../lib/gcc/arm-none-eabi/13.2.1/thumb/nofp\libc.a(libc_a-mlock.o)
                0x0000c804                __malloc_lock
 .text.__malloc_unlock
                0x0000c818       0x14 C:/Dev/tools/arm-gnu-toolchain-13.2.Rel1-mingw-w64-i686-arm-none-eabi/bin/../lib/gcc/arm-none-eabi/13.2.1/thumb/nofp\libc.a(libc_a-mlock.o)
                0x0000c818                __malloc_unlock
 .text._fclose_r
                0x0000c82c       0xd8 C:/Dev/tools/arm-gnu-toolchain-13.2.Rel1-mingw-w64-i686-arm-none-eabi/bin/../lib/gcc/arm-none-eabi/13.2.1/thumb/nofp\libc.a(libc_a-fclose.o)
                0x0000c82c                _fclose_r
 .text.__sflush_r
                0x0000c904      0x158 C:/Dev/tools/arm-gnu-toolchain-13.2.Rel1-mingw-w64-i686-arm-none-eabi/bin/../lib/gcc/arm-none-eabi/13.2.1/thumb/nofp\libc.a(libc_a-fflush.o)
                0x0000c904                __sflush_r
 .text._sbrk_r  0x0000ca5c       0x28 C:/Dev/tools/arm-gnu-toolchain-13.2.Rel1-mingw-w64-i686-arm-none-eabi/bin/../lib/gcc/arm-none-eabi/13.2.1/thumb/nofp\libc.a(libc_a-sbrkr.o)
                0x0000ca5c                _sbrk_r
 .text.__libc_fini_array
                0x0000ca84       0x30 C:/Dev/tools/arm-gnu-toolchain-13.2.Rel1-mingw-w64-i686-arm-none-eabi/bin/../lib/gcc/arm-none-eabi/13.2.1/thumb/nofp\libc.a(libc_a-fini.o)
                0x0000ca84                __libc_fini_array
 .text.sysconf  0x0000cab4       0x20 C:/Dev/tools/arm-gnu-toolchain-13.2.Rel1-mingw-w64-i686-arm-none-eabi/bin/../lib/gcc/arm-none-eabi/13.2.1/thumb/nofp\libc.a(libc_a-sysconf.o)
                0x0000cab4                sysconf
 .text.__register_exitproc
                0x0000cad4       0xac C:/Dev/tools/arm-gnu-toolchain-13.2.Rel1-mingw-w64-i686-arm-none-eabi/bin/../lib/gcc/arm-none-eabi/13.2.1/thumb/nofp\libc.a(libc_a-__atexit.o)
                0x0000cad4                __register_exitproc
 .text          0x0000cb80      0x144 C:/Dev/tools/arm-gnu-toolchain-13.2.Rel1-mingw-w64-i686-arm-none-eabi/bin/../lib/gcc/arm-none-eabi/13.2.1/thumb/nofp\libgcc.a(_arm_cmpdf2.o)
                0x0000cb80                __gtdf2
                0x0000cb80                __gedf2
                0x0000cb88                __ltdf2
                0x0000cb88                __ledf2
                0x0000cb90                __nedf2
                0x0000cb90                __eqdf2
                0x0000cb90                __cmpdf2
                0x0000cc18                __aeabi_cdrcmple
                0x0000cc34                __aeabi_cdcmpeq
                0x0000cc34                __aeabi_cdcmple
                0x0000cc4c                __aeabi_dcmpeq
                0x0000cc64                __aeabi_dcmplt
                0x0000cc7c                __aeabi_dcmple
                0x0000cc94                __aeabi_dcmpge
                0x0000ccac                __aeabi_dcmpgt
 .text._exit    0x0000ccc4       0x14 C:/Dev/tools/arm-gnu-toolchain-13.2.Rel1-mingw-w64-i686-arm-none-eabi/bin/../lib/gcc/arm-none-eabi/13.2.1/thumb/nofp\librdimon.a(arm_librdimon_a-_exit.o)
                0x0000ccc4                _exit
 .text._kill_shared
                0x0000ccd8       0x2c C:/Dev/tools/arm-gnu-toolchain-13.2.Rel1-mingw-w64-i686-arm-none-eabi/bin/../lib/gcc/arm-none-eabi/13.2.1/thumb/nofp\librdimon.a(arm_librdimon_a-_kill.o)
                0x0000ccd8                _kill_shared
 .text._kill    0x0000cd04       0x1c C:/Dev/tools/arm-gnu-toolchain-13.2.Rel1-mingw-w64-i686-arm-none-eabi/bin/../lib/gcc/arm-none-eabi/13.2.1/thumb/nofp\librdimon.a(arm_librdimon_a-_kill.o)
                0x0000cd04                _kill
 .text._kill.__stub
                0x0000cd20       0xdc linker stubs
 *(.gnu.warning)
 *(.glue_7t)
 .glue_7t       0x0000ce00        0x0 linker stubs
 *(.glue_7)
 .glue_7        0x0000ce00        0x0 linker stubs
 *(.vfp11_veneer)
 .vfp11_veneer  0x0000ce00        0x0 linker stubs
 *(.v4_bx)
 .v4_bx         0x0000ce00        0x0 linker stubs

.fini           0x0000ce00        0xc
 *(SORT_NONE(.fini))
 .fini          0x0000ce00        0x4 C:/Dev/tools/arm-gnu-toolchain-13.2.Rel1-mingw-w64-i686-arm-none-eabi/bin/../lib/gcc/arm-none-eabi/13.2.1/thumb/nofp/crti.o
                0x0000ce00                _fini
 .fini          0x0000ce04        0x8 C:/Dev/tools/arm-gnu-toolchain-13.2.Rel1-mingw-w64-i686-arm-none-eabi/bin/../lib/gcc/arm-none-eabi/13.2.1/thumb/nofp/crtn.o
                [!provide]                        PROVIDE (__etext = .)
                [!provide]                        PROVIDE (_etext = .)
                [!provide]                        PROVIDE (etext = .)

.rodata         0x0000d000      0x248
 *(.rodata .rodata.* .gnu.linkonce.r.*)
 .rodata._ZL7Options
                0x0000d000      0x200 debug/Options.o
 .rodata._Unwind_VRS_Pop
                0x0000d200       0x18 C:/Dev/tools/arm-gnu-toolchain-13.2.Rel1-mingw-w64-i686-arm-none-eabi/bin/../lib/gcc/arm-none-eabi/13.2.1/thumb/nofp\libgcc.a(unwind-arm.o)
 .rodata.__gnu_unwind_execute
                0x0000d218       0x14 C:/Dev/tools/arm-gnu-toolchain-13.2.Rel1-mingw-w64-i686-arm-none-eabi/bin/../lib/gcc/arm-none-eabi/13.2.1/thumb/nofp\libgcc.a(pr-support.o)
 .rodata._get_semihosting_exts.str1.4
                0x0000d22c       0x1c C:/Dev/tools/arm-gnu-toolchain-13.2.Rel1-mingw-w64-i686-arm-none-eabi/bin/../lib/gcc/arm-none-eabi/13.2.1/thumb/nofp\librdimon.a(arm_librdimon_a-syscalls.o)
                                 0x16 (size before relaxing)
 .rodata.initialise_monitor_handles.str1.4
                0x0000d248        0x4 C:/Dev/tools/arm-gnu-toolchain-13.2.Rel1-mingw-w64-i686-arm-none-eabi/bin/../lib/gcc/arm-none-eabi/13.2.1/thumb/nofp\librdimon.a(arm_librdimon_a-syscalls.o)

.rodata1
 *(.rodata1)

.ARM.extab      0x0000d248       0x3c
 *(.ARM.extab* .gnu.linkonce.armextab.*)
 .ARM.extab.text._ZSt4ceilf
                0x0000d248        0x0 debug/Options.o
 .ARM.extab.text._ZSt5isnanf
                0x0000d248        0x0 debug/Options.o
 .ARM.extab.text._Z11InitialUARTv
                0x0000d248        0xc debug/Initial.o
 .ARM.extab.text._ZSt5floorf
                0x0000d254        0x0 debug/UART.o
 .ARM.extab.text._Z5DelayRKj
                0x0000d254        0x0 debug/LCDDriver.o
 .ARM.extab.text.unwind_phase2_forced
                0x0000d254        0xc C:/Dev/tools/arm-gnu-toolchain-13.2.Rel1-mingw-w64-i686-arm-none-eabi/bin/../lib/gcc/arm-none-eabi/13.2.1/thumb/nofp\libgcc.a(unwind-arm.o)
 .ARM.extab.text.__gnu_unwind_pr_common
                0x0000d260        0xc C:/Dev/tools/arm-gnu-toolchain-13.2.Rel1-mingw-w64-i686-arm-none-eabi/bin/../lib/gcc/arm-none-eabi/13.2.1/thumb/nofp\libgcc.a(unwind-arm.o)
 .ARM.extab.text._Unwind_VRS_Pop
                0x0000d26c        0xc C:/Dev/tools/arm-gnu-toolchain-13.2.Rel1-mingw-w64-i686-arm-none-eabi/bin/../lib/gcc/arm-none-eabi/13.2.1/thumb/nofp\libgcc.a(unwind-arm.o)
 .ARM.extab.text.__gnu_unwind_execute
                0x0000d278        0xc C:/Dev/tools/arm-gnu-toolchain-13.2.Rel1-mingw-w64-i686-arm-none-eabi/bin/../lib/gcc/arm-none-eabi/13.2.1/thumb/nofp\libgcc.a(pr-support.o)

.ARM.exidx      0x0000d284       0xc0
                0x0000d284                        PROVIDE (__exidx_start = .)
 *(.ARM.exidx* .gnu.linkonce.armexidx.*)
 .ARM.exidx     0x0000d284        0x8 C:/Dev/tools/arm-gnu-toolchain-13.2.Rel1-mingw-w64-i686-arm-none-eabi/bin/../lib/gcc/arm-none-eabi/13.2.1/thumb/nofp/rdimon-crt0.o
                                 0x10 (size before relaxing)
 .ARM.exidx.text.main
                0x0000d28c        0x8 debug/main.o
 .ARM.exidx.text._ZSt4ceilf
                0x0000d294        0x8 debug/Options.o
 .ARM.exidx.text._ZSt5isnanf
                0x0000d29c        0x0 debug/Options.o
                                  0x8 (size before relaxing)
 .ARM.exidx.text._Z10SetOptionsRK8SOptions
                0x0000d29c        0x0 debug/Options.o
                                  0x8 (size before relaxing)
 .ARM.exidx.text._Z10GetOptionsv
                0x0000d29c        0x0 debug/Options.o
                                  0x8 (size before relaxing)
 .ARM.exidx.text._Z12InitialClockv
                0x0000d29c        0x0 debug/Initial.o
                                  0x8 (size before relaxing)
 .ARM.exidx.text._Z10InitialPWMv
                0x0000d29c        0x0 debug/Initial.o
                                  0x8 (size before relaxing)
 .ARM.exidx.text._Z11InitialUARTv
                0x0000d29c        0x8 debug/Initial.o
 .ARM.exidx.text._Z13InitialTimer1v
                0x0000d2a4        0x8 debug/Initial.o
 .ARM.exidx.text._Z13InitialTimer0v
                0x0000d2ac        0x0 debug/Initial.o
                                  0x8 (size before relaxing)
 .ARM.exidx.text._Z13InitialTimer2v
                0x0000d2ac        0x0 debug/Initial.o
                                  0x8 (size before relaxing)
 .ARM.exidx.text._Z10InitialADCv
                0x0000d2ac        0x0 debug/Initial.o
                                  0x8 (size before relaxing)
 .ARM.exidx.text._Z10InitialPLAv
                0x0000d2ac        0x0 debug/Initial.o
                                  0x8 (size before relaxing)
 .ARM.exidx.text._Z11InitialGPIOv
                0x0000d2ac        0x0 debug/Initial.o
                                  0x8 (size before relaxing)
 .ARM.exidx.text._Z10InitialCPUv
                0x0000d2ac        0x8 debug/Initial.o
 .ARM.exidx.text._ZSt5floorf
                0x0000d2b4        0x8 debug/UART.o
 .ARM.exidx.text._Z11FindDividerRKfRtRhS1_
                0x0000d2bc        0x0 debug/UART.o
                                  0x8 (size before relaxing)
 .ARM.exidx.text._Z5DelayRKj
                0x0000d2bc        0x0 debug/LCDDriver.o
                                  0x8 (size before relaxing)
 .ARM.exidx.text._Z15LCDReadRegisterv
                0x0000d2bc        0x0 debug/LCDDriver.o
                                  0x8 (size before relaxing)
 .ARM.exidx.text._Z16LCDWriteRegisterRKh
                0x0000d2bc        0x0 debug/LCDDriver.o
                                  0x8 (size before relaxing)
 .ARM.exidx.text._Z10InitialLCDv
                0x0000d2bc        0x0 debug/LCDDriver.o
                                  0x8 (size before relaxing)
 .ARM.exidx.text.selfrel_offset31
                0x0000d2bc        0x0 C:/Dev/tools/arm-gnu-toolchain-13.2.Rel1-mingw-w64-i686-arm-none-eabi/bin/../lib/gcc/arm-none-eabi/13.2.1/thumb/nofp\libgcc.a(unwind-arm.o)
                                  0x8 (size before relaxing)
 .ARM.exidx.text.search_EIT_table
                0x0000d2bc        0x0 C:/Dev/tools/arm-gnu-toolchain-13.2.Rel1-mingw-w64-i686-arm-none-eabi/bin/../lib/gcc/arm-none-eabi/13.2.1/thumb/nofp\libgcc.a(unwind-arm.o)
                                  0x8 (size before relaxing)
 .ARM.exidx.text.__gnu_unwind_get_pr_addr
                0x0000d2bc        0x0 C:/Dev/tools/arm-gnu-toolchain-13.2.Rel1-mingw-w64-i686-arm-none-eabi/bin/../lib/gcc/arm-none-eabi/13.2.1/thumb/nofp\libgcc.a(unwind-arm.o)
                                  0x8 (size before relaxing)
 .ARM.exidx.text.get_eit_entry
                0x0000d2bc        0x8 C:/Dev/tools/arm-gnu-toolchain-13.2.Rel1-mingw-w64-i686-arm-none-eabi/bin/../lib/gcc/arm-none-eabi/13.2.1/thumb/nofp\libgcc.a(unwind-arm.o)
 .ARM.exidx.text.restore_non_core_regs
                0x0000d2c4        0x8 C:/Dev/tools/arm-gnu-toolchain-13.2.Rel1-mingw-w64-i686-arm-none-eabi/bin/../lib/gcc/arm-none-eabi/13.2.1/thumb/nofp\libgcc.a(unwind-arm.o)
 .ARM.exidx.text._Unwind_decode_typeinfo_ptr.constprop.0
                0x0000d2cc        0x8 C:/Dev/tools/arm-gnu-toolchain-13.2.Rel1-mingw-w64-i686-arm-none-eabi/bin/../lib/gcc/arm-none-eabi/13.2.1/thumb/nofp\libgcc.a(unwind-arm.o)
 .ARM.exidx.text._Unwind_DebugHook
                0x0000d2d4        0x0 C:/Dev/tools/arm-gnu-toolchain-13.2.Rel1-mingw-w64-i686-arm-none-eabi/bin/../lib/gcc/arm-none-eabi/13.2.1/thumb/nofp\libgcc.a(unwind-arm.o)
                                  0x8 (size before relaxing)
 .ARM.exidx.text.unwind_phase2
                0x0000d2d4        0x8 C:/Dev/tools/arm-gnu-toolchain-13.2.Rel1-mingw-w64-i686-arm-none-eabi/bin/../lib/gcc/arm-none-eabi/13.2.1/thumb/nofp\libgcc.a(unwind-arm.o)
 .ARM.exidx.text.unwind_phase2_forced
                0x0000d2dc        0x8 C:/Dev/tools/arm-gnu-toolchain-13.2.Rel1-mingw-w64-i686-arm-none-eabi/bin/../lib/gcc/arm-none-eabi/13.2.1/thumb/nofp\libgcc.a(unwind-arm.o)
 .ARM.exidx.text.__gnu_Unwind_RaiseException
                0x0000d2e4        0x8 C:/Dev/tools/arm-gnu-toolchain-13.2.Rel1-mingw-w64-i686-arm-none-eabi/bin/../lib/gcc/arm-none-eabi/13.2.1/thumb/nofp\libgcc.a(unwind-arm.o)
 .ARM.exidx.text.__gnu_Unwind_ForcedUnwind
                0x0000d2ec        0x8 C:/Dev/tools/arm-gnu-toolchain-13.2.Rel1-mingw-w64-i686-arm-none-eabi/bin/../lib/gcc/arm-none-eabi/13.2.1/thumb/nofp\libgcc.a(unwind-arm.o)
 .ARM.exidx.text.__gnu_Unwind_Resume
                0x0000d2f4        0x8 C:/Dev/tools/arm-gnu-toolchain-13.2.Rel1-mingw-w64-i686-arm-none-eabi/bin/../lib/gcc/arm-none-eabi/13.2.1/thumb/nofp\libgcc.a(unwind-arm.o)
 .ARM.exidx.text.__gnu_Unwind_Resume_or_Rethrow
                0x0000d2fc        0x8 C:/Dev/tools/arm-gnu-toolchain-13.2.Rel1-mingw-w64-i686-arm-none-eabi/bin/../lib/gcc/arm-none-eabi/13.2.1/thumb/nofp\libgcc.a(unwind-arm.o)
 .ARM.exidx.text._Unwind_VRS_Get
                0x0000d304        0x8 C:/Dev/tools/arm-gnu-toolchain-13.2.Rel1-mingw-w64-i686-arm-none-eabi/bin/../lib/gcc/arm-none-eabi/13.2.1/thumb/nofp\libgcc.a(unwind-arm.o)
 .ARM.exidx.text._Unwind_GetGR
                0x0000d30c        0x0 C:/Dev/tools/arm-gnu-toolchain-13.2.Rel1-mingw-w64-i686-arm-none-eabi/bin/../lib/gcc/arm-none-eabi/13.2.1/thumb/nofp\libgcc.a(unwind-arm.o)
                                  0x8 (size before relaxing)
 .ARM.exidx.text._Unwind_VRS_Set
                0x0000d30c        0x0 C:/Dev/tools/arm-gnu-toolchain-13.2.Rel1-mingw-w64-i686-arm-none-eabi/bin/../lib/gcc/arm-none-eabi/13.2.1/thumb/nofp\libgcc.a(unwind-arm.o)
                                  0x8 (size before relaxing)
 .ARM.exidx.text._Unwind_SetGR
                0x0000d30c        0x0 C:/Dev/tools/arm-gnu-toolchain-13.2.Rel1-mingw-w64-i686-arm-none-eabi/bin/../lib/gcc/arm-none-eabi/13.2.1/thumb/nofp\libgcc.a(unwind-arm.o)
                                  0x8 (size before relaxing)
 .ARM.exidx.text.__gnu_Unwind_Backtrace
                0x0000d30c        0x8 C:/Dev/tools/arm-gnu-toolchain-13.2.Rel1-mingw-w64-i686-arm-none-eabi/bin/../lib/gcc/arm-none-eabi/13.2.1/thumb/nofp\libgcc.a(unwind-arm.o)
 .ARM.exidx.text.__gnu_unwind_pr_common
                0x0000d314        0x8 C:/Dev/tools/arm-gnu-toolchain-13.2.Rel1-mingw-w64-i686-arm-none-eabi/bin/../lib/gcc/arm-none-eabi/13.2.1/thumb/nofp\libgcc.a(unwind-arm.o)
 .ARM.exidx.text.__aeabi_unwind_cpp_pr0
                0x0000d31c        0x8 C:/Dev/tools/arm-gnu-toolchain-13.2.Rel1-mingw-w64-i686-arm-none-eabi/bin/../lib/gcc/arm-none-eabi/13.2.1/thumb/nofp\libgcc.a(unwind-arm.o)
 .ARM.exidx.text.__aeabi_unwind_cpp_pr1
                0x0000d324        0x0 C:/Dev/tools/arm-gnu-toolchain-13.2.Rel1-mingw-w64-i686-arm-none-eabi/bin/../lib/gcc/arm-none-eabi/13.2.1/thumb/nofp\libgcc.a(unwind-arm.o)
                                  0x8 (size before relaxing)
 .ARM.exidx.text.__aeabi_unwind_cpp_pr2
                0x0000d324        0x0 C:/Dev/tools/arm-gnu-toolchain-13.2.Rel1-mingw-w64-i686-arm-none-eabi/bin/../lib/gcc/arm-none-eabi/13.2.1/thumb/nofp\libgcc.a(unwind-arm.o)
                                  0x8 (size before relaxing)
 .ARM.exidx.text._Unwind_VRS_Pop
                0x0000d324       0x10 C:/Dev/tools/arm-gnu-toolchain-13.2.Rel1-mingw-w64-i686-arm-none-eabi/bin/../lib/gcc/arm-none-eabi/13.2.1/thumb/nofp\libgcc.a(unwind-arm.o)
                                  0x8 (size before relaxing)
 .ARM.exidx.text.next_unwind_byte
                0x0000d334        0x0 C:/Dev/tools/arm-gnu-toolchain-13.2.Rel1-mingw-w64-i686-arm-none-eabi/bin/../lib/gcc/arm-none-eabi/13.2.1/thumb/nofp\libgcc.a(pr-support.o)
                                  0x8 (size before relaxing)
 .ARM.exidx.text.__gnu_unwind_execute
                0x0000d334       0x10 C:/Dev/tools/arm-gnu-toolchain-13.2.Rel1-mingw-w64-i686-arm-none-eabi/bin/../lib/gcc/arm-none-eabi/13.2.1/thumb/nofp\libgcc.a(pr-support.o)
                                  0x8 (size before relaxing)
                0x0000d344                        PROVIDE (__exidx_end = .)

.eh_frame_hdr
 *(.eh_frame_hdr)
 *(.eh_frame_entry .eh_frame_entry.*)

.eh_frame       0x0000d344        0x4
 *(.eh_frame)
 .eh_frame      0x0000d344        0x0 C:/Dev/tools/arm-gnu-toolchain-13.2.Rel1-mingw-w64-i686-arm-none-eabi/bin/../lib/gcc/arm-none-eabi/13.2.1/thumb/nofp/crtbegin.o
 .eh_frame      0x0000d344        0x4 C:/Dev/tools/arm-gnu-toolchain-13.2.Rel1-mingw-w64-i686-arm-none-eabi/bin/../lib/gcc/arm-none-eabi/13.2.1/thumb/nofp/crtend.o
 *(.eh_frame.*)

.sframe
 *(.sframe)
 *(.sframe.*)

.gcc_except_table
 *(.gcc_except_table .gcc_except_table.*)

.gnu_extab
 *(.gnu_extab*)

.exception_ranges
 *(.exception_ranges*)
                0x0000e348                        . = (ALIGN (CONSTANT (MAXPAGESIZE)) + (. & (CONSTANT (MAXPAGESIZE) - 0x1)))

.eh_frame
 *(.eh_frame)
 *(.eh_frame.*)

.sframe
 *(.sframe)
 *(.sframe.*)

.gnu_extab
 *(.gnu_extab)

.gcc_except_table
 *(.gcc_except_table .gcc_except_table.*)

.exception_ranges
 *(.exception_ranges*)

.tdata          0x0000e348        0x0
                [!provide]                        PROVIDE (__tdata_start = .)
 *(.tdata .tdata.* .gnu.linkonce.td.*)

.tbss
 *(.tbss .tbss.* .gnu.linkonce.tb.*)
 *(.tcommon)

.preinit_array  0x0000e348        0x0
                0x0000e348                        PROVIDE (__preinit_array_start = .)
 *(.preinit_array)
                0x0000e348                        PROVIDE (__preinit_array_end = .)

.init_array     0x0000e348        0x8
                0x0000e348                        PROVIDE (__init_array_start = .)
 *(SORT_BY_INIT_PRIORITY(.init_array.*) SORT_BY_INIT_PRIORITY(.ctors.*))
 .init_array.00000
                0x0000e348        0x4 C:/Dev/tools/arm-gnu-toolchain-13.2.Rel1-mingw-w64-i686-arm-none-eabi/bin/../lib/gcc/arm-none-eabi/13.2.1/thumb/nofp\libc.a(libc_a-__call_atexit.o)
 *(.init_array EXCLUDE_FILE(*crtend?.o *crtend.o *crtbegin?.o *crtbegin.o) .ctors)
 .init_array    0x0000e34c        0x4 C:/Dev/tools/arm-gnu-toolchain-13.2.Rel1-mingw-w64-i686-arm-none-eabi/bin/../lib/gcc/arm-none-eabi/13.2.1/thumb/nofp/crtbegin.o
                0x0000e350                        PROVIDE (__init_array_end = .)

.fini_array     0x0000e350        0x4
                0x0000e350                        PROVIDE (__fini_array_start = .)
 *(SORT_BY_INIT_PRIORITY(.fini_array.*) SORT_BY_INIT_PRIORITY(.dtors.*))
 *(.fini_array EXCLUDE_FILE(*crtend?.o *crtend.o *crtbegin?.o *crtbegin.o) .dtors)
 .fini_array    0x0000e350        0x4 C:/Dev/tools/arm-gnu-toolchain-13.2.Rel1-mingw-w64-i686-arm-none-eabi/bin/../lib/gcc/arm-none-eabi/13.2.1/thumb/nofp/crtbegin.o
                0x0000e354                        PROVIDE (__fini_array_end = .)

.ctors
 *crtbegin.o(.ctors)
 *crtbegin?.o(.ctors)
 *(EXCLUDE_FILE(*crtend?.o *crtend.o) .ctors)
 *(SORT_BY_NAME(.ctors.*))
 *(.ctors)

.dtors
 *crtbegin.o(.dtors)
 *crtbegin?.o(.dtors)
 *(EXCLUDE_FILE(*crtend?.o *crtend.o) .dtors)
 *(SORT_BY_NAME(.dtors.*))
 *(.dtors)

.jcr
 *(.jcr)

.data.rel.ro
 *(.data.rel.ro.local* .gnu.linkonce.d.rel.ro.local.*)
 *(.data.rel.ro .data.rel.ro.* .gnu.linkonce.d.rel.ro.*)

.dynamic
 *(.dynamic)

.got            0x0000e354        0x0
 *(.got.plt)
 *(.igot.plt)
 .igot.plt      0x0000e354        0x0 C:/Dev/tools/arm-gnu-toolchain-13.2.Rel1-mingw-w64-i686-arm-none-eabi/bin/../lib/gcc/arm-none-eabi/13.2.1/thumb/nofp/crtbegin.o
 *(.got)
 *(.igot)

.data           0x0000e358      0x678
                0x0000e358                        __data_start = .
 *(.data .data.* .gnu.linkonce.d.*)
 .data          0x0000e358      0x118 C:/Dev/tools/arm-gnu-toolchain-13.2.Rel1-mingw-w64-i686-arm-none-eabi/bin/../lib/gcc/arm-none-eabi/13.2.1/thumb/nofp/rdimon-crt0.o
                0x0000e360                __stack_base__
 .data.iWriteCount
                0x0000e470        0x4 debug/Options.o
                0x0000e470                iWriteCount
 .data._ZL17byDisplayRegister
                0x0000e474        0x1 debug/LCDDriver.o
 *fill*         0x0000e475        0x3 
 .data.__heap_limit
                0x0000e478        0x4 C:/Dev/tools/arm-gnu-toolchain-13.2.Rel1-mingw-w64-i686-arm-none-eabi/bin/../lib/gcc/arm-none-eabi/13.2.1/thumb/nofp\librdimon.a(arm_librdimon_a-syscalls.o)
                0x0000e478                __heap_limit
 .data.supports_ext_stdout_stderr
                0x0000e47c        0x4 C:/Dev/tools/arm-gnu-toolchain-13.2.Rel1-mingw-w64-i686-arm-none-eabi/bin/../lib/gcc/arm-none-eabi/13.2.1/thumb/nofp\librdimon.a(arm_librdimon_a-syscalls.o)
 .data.supports_ext_exit_extended
                0x0000e480        0x4 C:/Dev/tools/arm-gnu-toolchain-13.2.Rel1-mingw-w64-i686-arm-none-eabi/bin/../lib/gcc/arm-none-eabi/13.2.1/thumb/nofp\librdimon.a(arm_librdimon_a-syscalls.o)
 .data.__sglue  0x0000e484        0xc C:/Dev/tools/arm-gnu-toolchain-13.2.Rel1-mingw-w64-i686-arm-none-eabi/bin/../lib/gcc/arm-none-eabi/13.2.1/thumb/nofp\libc.a(libc_a-findfp.o)
                0x0000e484                __sglue
 .data._impure_ptr
                0x0000e490        0x4 C:/Dev/tools/arm-gnu-toolchain-13.2.Rel1-mingw-w64-i686-arm-none-eabi/bin/../lib/gcc/arm-none-eabi/13.2.1/thumb/nofp\libc.a(libc_a-impure.o)
                0x0000e490                _impure_ptr
 *fill*         0x0000e494        0x4 
 .data._impure_data
                0x0000e498      0x120 C:/Dev/tools/arm-gnu-toolchain-13.2.Rel1-mingw-w64-i686-arm-none-eabi/bin/../lib/gcc/arm-none-eabi/13.2.1/thumb/nofp\libc.a(libc_a-impure.o)
                0x0000e498                _impure_data
 .data.__atexit_recursive_mutex
                0x0000e5b8        0x4 C:/Dev/tools/arm-gnu-toolchain-13.2.Rel1-mingw-w64-i686-arm-none-eabi/bin/../lib/gcc/arm-none-eabi/13.2.1/thumb/nofp\libc.a(libc_a-__call_atexit.o)
                0x0000e5b8                __atexit_recursive_mutex
 .data.__malloc_sbrk_base
                0x0000e5bc        0x4 C:/Dev/tools/arm-gnu-toolchain-13.2.Rel1-mingw-w64-i686-arm-none-eabi/bin/../lib/gcc/arm-none-eabi/13.2.1/thumb/nofp\libc.a(libc_a-mallocr.o)
                0x0000e5bc                __malloc_sbrk_base
 .data.__malloc_trim_threshold
                0x0000e5c0        0x4 C:/Dev/tools/arm-gnu-toolchain-13.2.Rel1-mingw-w64-i686-arm-none-eabi/bin/../lib/gcc/arm-none-eabi/13.2.1/thumb/nofp\libc.a(libc_a-mallocr.o)
                0x0000e5c0                __malloc_trim_threshold
 *fill*         0x0000e5c4        0x4 
 .data.__malloc_av_
                0x0000e5c8      0x408 C:/Dev/tools/arm-gnu-toolchain-13.2.Rel1-mingw-w64-i686-arm-none-eabi/bin/../lib/gcc/arm-none-eabi/13.2.1/thumb/nofp\libc.a(libc_a-mallocr.o)
                0x0000e5c8                __malloc_av_

.tm_clone_table
                0x0000e9d0        0x0
 .tm_clone_table
                0x0000e9d0        0x0 C:/Dev/tools/arm-gnu-toolchain-13.2.Rel1-mingw-w64-i686-arm-none-eabi/bin/../lib/gcc/arm-none-eabi/13.2.1/thumb/nofp/crtbegin.o
 .tm_clone_table
                0x0000e9d0        0x0 C:/Dev/tools/arm-gnu-toolchain-13.2.Rel1-mingw-w64-i686-arm-none-eabi/bin/../lib/gcc/arm-none-eabi/13.2.1/thumb/nofp/crtend.o

.data1
 *(.data1)
                0x0000e9d0                        _edata = .
                [!provide]                        PROVIDE (edata = .)

.persistent     0x0000e9d0        0x0
                0x0000e9d0                        . = ALIGN (0x4)
                [!provide]                        PROVIDE (__persistent_start = .)
 *(.persistent .persistent.* .gnu.linkonce.p.*)
                0x0000e9d0                        . = ALIGN (0x4)
                [!provide]                        PROVIDE (__persistent_end = .)
                0x0000e9d0                        . = .
                0x0000e9d0                        __bss_start = .
                0x0000e9d0                        __bss_start__ = .

.bss            0x0000ea00      0x888
 *(.dynbss)
 *(.bss .bss.* .gnu.linkonce.b.*)
 .bss.completed.1
                0x0000ea00        0x1 C:/Dev/tools/arm-gnu-toolchain-13.2.Rel1-mingw-w64-i686-arm-none-eabi/bin/../lib/gcc/arm-none-eabi/13.2.1/thumb/nofp/crtbegin.o
 *fill*         0x0000ea01        0x3 
 .bss.object.0  0x0000ea04       0x18 C:/Dev/tools/arm-gnu-toolchain-13.2.Rel1-mingw-w64-i686-arm-none-eabi/bin/../lib/gcc/arm-none-eabi/13.2.1/thumb/nofp/crtbegin.o
 *fill*         0x0000ea1c      0x1e4 
 .bss.OptionsToSave
                0x0000ec00      0x200 debug/Options.o
                0x0000ec00                OptionsToSave
 .bss.GP0CON_bit
                0x0000ee00        0x4 debug/ADuC7126Bits.o
                0x0000ee00                GP0CON_bit
 .bss.GP2CON_bit
                0x0000ee04        0x4 debug/ADuC7126Bits.o
                0x0000ee04                GP2CON_bit
 .bss.GP3CON_bit
                0x0000ee08        0x4 debug/ADuC7126Bits.o
                0x0000ee08                GP3CON_bit
 .bss.GP4CON_bit
                0x0000ee0c        0x4 debug/ADuC7126Bits.o
                0x0000ee0c                GP4CON_bit
 .bss.GP0DAT_bit
                0x0000ee10       0x10 debug/ADuC7126Bits.o
                0x0000ee10                GP0DAT_bit
 .bss.GP1DAT_bit
                0x0000ee20       0x10 debug/ADuC7126Bits.o
                0x0000ee20                GP1DAT_bit
 .bss.GP2DAT_bit
                0x0000ee30       0x10 debug/ADuC7126Bits.o
                0x0000ee30                GP2DAT_bit
 .bss.GP3DAT_bit
                0x0000ee40       0x10 debug/ADuC7126Bits.o
                0x0000ee40                GP3DAT_bit
 .bss.GP4DAT_bit
                0x0000ee50       0x10 debug/ADuC7126Bits.o
                0x0000ee50                GP4DAT_bit
 .bss.GP0SET_bit
                0x0000ee60        0x4 debug/ADuC7126Bits.o
                0x0000ee60                GP0SET_bit
 .bss.GP4SET_bit
                0x0000ee64        0x4 debug/ADuC7126Bits.o
                0x0000ee64                GP4SET_bit
 .bss.GP3CLR_bit
                0x0000ee68        0x4 debug/ADuC7126Bits.o
                0x0000ee68                GP3CLR_bit
 .bss.GP4CLR_bit
                0x0000ee6c        0x4 debug/ADuC7126Bits.o
                0x0000ee6c                GP4CLR_bit
 .bss.IRQEN_bit
                0x0000ee70        0x4 debug/ADuC7126Bits.o
                0x0000ee70                IRQEN_bit
 .bss.FIQEN_bit
                0x0000ee74        0x4 debug/ADuC7126Bits.o
                0x0000ee74                FIQEN_bit
 .bss.IRQCONN_bit
                0x0000ee78        0x4 debug/ADuC7126Bits.o
                0x0000ee78                IRQCONN_bit
 .bss.IRQCONE_bit
                0x0000ee7c        0x4 debug/ADuC7126Bits.o
                0x0000ee7c                IRQCONE_bit
 .bss.PWMCON0_bit
                0x0000ee80        0x4 debug/ADuC7126Bits.o
                0x0000ee80                PWMCON0_bit
 .bss.PLAELM8_bit
                0x0000ee84        0x4 debug/ADuC7126Bits.o
                0x0000ee84                PLAELM8_bit
 .bss.PLAELM9_bit
                0x0000ee88        0x4 debug/ADuC7126Bits.o
                0x0000ee88                PLAELM9_bit
 .bss.PLAELM10_bit
                0x0000ee8c        0x4 debug/ADuC7126Bits.o
                0x0000ee8c                PLAELM10_bit
 .bss.PLACLK_bit
                0x0000ee90        0x4 debug/ADuC7126Bits.o
                0x0000ee90                PLACLK_bit
 .bss.PLAIRQ_bit
                0x0000ee94        0x4 debug/ADuC7126Bits.o
                0x0000ee94                PLAIRQ_bit
 .bss.ADCCON_bit
                0x0000ee98        0x4 debug/ADuC7126Bits.o
                0x0000ee98                ADCCON_bit
 .bss.REFCON_bit
                0x0000ee9c        0x4 debug/ADuC7126Bits.o
                0x0000ee9c                REFCON_bit
 .bss.COM0IEN0_bit
                0x0000eea0        0x4 debug/ADuC7126Bits.o
                0x0000eea0                COM0IEN0_bit
 .bss.COM0CON0_bit
                0x0000eea4        0x4 debug/ADuC7126Bits.o
                0x0000eea4                COM0CON0_bit
 .bss.COM0CON1_bit
                0x0000eea8        0x4 debug/ADuC7126Bits.o
                0x0000eea8                COM0CON1_bit
 .bss.COM0DIV2_bit
                0x0000eeac        0x4 debug/ADuC7126Bits.o
                0x0000eeac                COM0DIV2_bit
 .bss.T0CON_bit
                0x0000eeb0        0x4 debug/ADuC7126Bits.o
                0x0000eeb0                T0CON_bit
 .bss.T1CON_bit
                0x0000eeb4        0x4 debug/ADuC7126Bits.o
                0x0000eeb4                T1CON_bit
 .bss.T2CON_bit
                0x0000eeb8        0x4 debug/ADuC7126Bits.o
                0x0000eeb8                T2CON_bit
 .bss.FEE0MOD_bit
                0x0000eebc        0x4 debug/ADuC7126Bits.o
                0x0000eebc                FEE0MOD_bit
 .bss.FEE1MOD_bit
                0x0000eec0        0x4 debug/ADuC7126Bits.o
                0x0000eec0                FEE1MOD_bit
 .bss.FEE0STA_bit
                0x0000eec4        0x4 debug/ADuC7126Bits.o
                0x0000eec4                FEE0STA_bit
 .bss.FEE1STA_bit
                0x0000eec8        0x4 debug/ADuC7126Bits.o
                0x0000eec8                FEE1STA_bit
 .bss.heap_end.0
                0x0000eecc        0x4 C:/Dev/tools/arm-gnu-toolchain-13.2.Rel1-mingw-w64-i686-arm-none-eabi/bin/../lib/gcc/arm-none-eabi/13.2.1/thumb/nofp\librdimon.a(arm_librdimon_a-syscalls.o)
 .bss.monitor_stderr
                0x0000eed0        0x4 C:/Dev/tools/arm-gnu-toolchain-13.2.Rel1-mingw-w64-i686-arm-none-eabi/bin/../lib/gcc/arm-none-eabi/13.2.1/thumb/nofp\librdimon.a(arm_librdimon_a-syscalls.o)
 .bss.monitor_stdout
                0x0000eed4        0x4 C:/Dev/tools/arm-gnu-toolchain-13.2.Rel1-mingw-w64-i686-arm-none-eabi/bin/../lib/gcc/arm-none-eabi/13.2.1/thumb/nofp\librdimon.a(arm_librdimon_a-syscalls.o)
 .bss.monitor_stdin
                0x0000eed8        0x4 C:/Dev/tools/arm-gnu-toolchain-13.2.Rel1-mingw-w64-i686-arm-none-eabi/bin/../lib/gcc/arm-none-eabi/13.2.1/thumb/nofp\librdimon.a(arm_librdimon_a-syscalls.o)
 .bss.openfiles
                0x0000eedc       0xa0 C:/Dev/tools/arm-gnu-toolchain-13.2.Rel1-mingw-w64-i686-arm-none-eabi/bin/../lib/gcc/arm-none-eabi/13.2.1/thumb/nofp\librdimon.a(arm_librdimon_a-syscalls.o)
 .bss.__sf      0x0000ef7c      0x138 C:/Dev/tools/arm-gnu-toolchain-13.2.Rel1-mingw-w64-i686-arm-none-eabi/bin/../lib/gcc/arm-none-eabi/13.2.1/thumb/nofp\libc.a(libc_a-findfp.o)
                0x0000ef7c                __sf
 .bss.__stdio_exit_handler
                0x0000f0b4        0x4 C:/Dev/tools/arm-gnu-toolchain-13.2.Rel1-mingw-w64-i686-arm-none-eabi/bin/../lib/gcc/arm-none-eabi/13.2.1/thumb/nofp\libc.a(libc_a-findfp.o)
                0x0000f0b4                __stdio_exit_handler
 .bss.errno     0x0000f0b8        0x4 C:/Dev/tools/arm-gnu-toolchain-13.2.Rel1-mingw-w64-i686-arm-none-eabi/bin/../lib/gcc/arm-none-eabi/13.2.1/thumb/nofp\libc.a(libc_a-reent.o)
                0x0000f0b8                errno
 .bss.__lock___malloc_recursive_mutex
                0x0000f0bc        0x1 C:/Dev/tools/arm-gnu-toolchain-13.2.Rel1-mingw-w64-i686-arm-none-eabi/bin/../lib/gcc/arm-none-eabi/13.2.1/thumb/nofp\libc.a(libc_a-lock.o)
                0x0000f0bc                __lock___malloc_recursive_mutex
 *fill*         0x0000f0bd        0x3 
 .bss.__lock___atexit_recursive_mutex
                0x0000f0c0        0x1 C:/Dev/tools/arm-gnu-toolchain-13.2.Rel1-mingw-w64-i686-arm-none-eabi/bin/../lib/gcc/arm-none-eabi/13.2.1/thumb/nofp\libc.a(libc_a-lock.o)
                0x0000f0c0                __lock___atexit_recursive_mutex
 *fill*         0x0000f0c1        0x3 
 .bss.__lock___sfp_recursive_mutex
                0x0000f0c4        0x1 C:/Dev/tools/arm-gnu-toolchain-13.2.Rel1-mingw-w64-i686-arm-none-eabi/bin/../lib/gcc/arm-none-eabi/13.2.1/thumb/nofp\libc.a(libc_a-lock.o)
                0x0000f0c4                __lock___sfp_recursive_mutex
 *fill*         0x0000f0c5        0x3 
 .bss.__atexit  0x0000f0c8        0x4 C:/Dev/tools/arm-gnu-toolchain-13.2.Rel1-mingw-w64-i686-arm-none-eabi/bin/../lib/gcc/arm-none-eabi/13.2.1/thumb/nofp\libc.a(libc_a-__call_atexit.o)
                0x0000f0c8                __atexit
 .bss.__malloc_current_mallinfo
                0x0000f0cc       0x28 C:/Dev/tools/arm-gnu-toolchain-13.2.Rel1-mingw-w64-i686-arm-none-eabi/bin/../lib/gcc/arm-none-eabi/13.2.1/thumb/nofp\libc.a(libc_a-mallocr.o)
                0x0000f0cc                __malloc_current_mallinfo
 .bss.__malloc_top_pad
                0x0000f0f4        0x4 C:/Dev/tools/arm-gnu-toolchain-13.2.Rel1-mingw-w64-i686-arm-none-eabi/bin/../lib/gcc/arm-none-eabi/13.2.1/thumb/nofp\libc.a(libc_a-mallocr.o)
                0x0000f0f4                __malloc_top_pad
 .bss.__atexit0
                0x0000f0f8      0x190 C:/Dev/tools/arm-gnu-toolchain-13.2.Rel1-mingw-w64-i686-arm-none-eabi/bin/../lib/gcc/arm-none-eabi/13.2.1/thumb/nofp\libc.a(libc_a-__atexit.o)
                0x0000f0f8                __atexit0
 *(COMMON)
                0x0000f288                        . = ALIGN ((. != 0x0)?0x4:0x1)
                0x0000f288                        _bss_end__ = .
                0x0000f288                        __bss_end__ = .

.noinit         0x0000f288        0x0
                0x0000f288                        . = ALIGN (0x4)
                [!provide]                        PROVIDE (__noinit_start = .)
 *(.noinit .noinit.* .gnu.linkonce.n.*)
                0x0000f288                        . = ALIGN (0x4)
                [!provide]                        PROVIDE (__noinit_end = .)
                0x0000f288                        . = ALIGN (0x4)
                0x0000f288                        . = SEGMENT_START ("ldata-segment", .)
                0x0000f288                        . = ALIGN (0x4)
                0x0000f288                        __end__ = .
                0x0000f288                        _end = .
                0x0000f288                        PROVIDE (end = .)

.stack          0x00080000        0x0
                0x00080000                        _stack = .
 *(.stack)

.stab
 *(.stab)

.stabstr
 *(.stabstr)

.stab.excl
 *(.stab.excl)

.stab.exclstr
 *(.stab.exclstr)

.stab.index
 *(.stab.index)

.stab.indexstr
 *(.stab.indexstr)

.comment        0x00000000       0x44
 *(.comment)
 .comment       0x00000000       0x44 debug/main.o
                                 0x45 (size before relaxing)
 .comment       0x00000044       0x45 debug/Options.o
 .comment       0x00000044       0x45 debug/ADuC7126Bits.o
 .comment       0x00000044       0x45 debug/Initial.o
 .comment       0x00000044       0x45 debug/UART.o
 .comment       0x00000044       0x45 debug/LCDDriver.o

.gnu.build.attributes
 *(.gnu.build.attributes .gnu.build.attributes.*)

.debug
 *(.debug)

.line
 *(.line)

.debug_srcinfo
 *(.debug_srcinfo)

.debug_sfnames
 *(.debug_sfnames)

.debug_aranges  0x00000000      0x198
 *(.debug_aranges)
 .debug_aranges
                0x00000000       0x20 debug/main.o
 .debug_aranges
                0x00000020       0x48 debug/Options.o
 .debug_aranges
                0x00000068       0x18 debug/ADuC7126Bits.o
 .debug_aranges
                0x00000080       0x70 debug/Initial.o
 .debug_aranges
                0x000000f0       0x30 debug/UART.o
 .debug_aranges
                0x00000120       0x78 debug/LCDDriver.o

.debug_pubnames
 *(.debug_pubnames)

.debug_info     0x00000000     0x57f8
 *(.debug_info .gnu.linkonce.wi.*)
 .debug_info    0x00000000      0xa58 debug/main.o
 .debug_info    0x00000a58     0x1909 debug/Options.o
 .debug_info    0x00002361     0x1569 debug/ADuC7126Bits.o
 .debug_info    0x000038ca      0xde0 debug/Initial.o
 .debug_info    0x000046aa      0x29f debug/UART.o
 .debug_info    0x00004949      0xeaf debug/LCDDriver.o

.debug_abbrev   0x00000000      0xd7a
 *(.debug_abbrev)
 .debug_abbrev  0x00000000      0x202 debug/main.o
 .debug_abbrev  0x00000202      0x2ea debug/Options.o
 .debug_abbrev  0x000004ec      0x12b debug/ADuC7126Bits.o
 .debug_abbrev  0x00000617      0x2db debug/Initial.o
 .debug_abbrev  0x000008f2      0x195 debug/UART.o
 .debug_abbrev  0x00000a87      0x2f3 debug/LCDDriver.o

.debug_line     0x00000000     0x2bd4
 *(.debug_line .debug_line.* .debug_line_end)
 .debug_line    0x00000000      0x48b debug/main.o
 .debug_line    0x0000048b      0xac4 debug/Options.o
 .debug_line    0x00000f4f       0x55 debug/ADuC7126Bits.o
 .debug_line    0x00000fa4      0xc25 debug/Initial.o
 .debug_line    0x00001bc9      0x978 debug/UART.o
 .debug_line    0x00002541      0x693 debug/LCDDriver.o

.debug_frame    0x00000000     0x18f0
 *(.debug_frame)
 .debug_frame   0x00000000       0x2c debug/main.o
 .debug_frame   0x0000002c       0xd0 debug/Options.o
 .debug_frame   0x000000fc      0x14c debug/Initial.o
 .debug_frame   0x00000248       0x70 debug/UART.o
 .debug_frame   0x000002b8      0x17c debug/LCDDriver.o
 .debug_frame   0x00000434       0x20 C:/Dev/tools/arm-gnu-toolchain-13.2.Rel1-mingw-w64-i686-arm-none-eabi/bin/../lib/gcc/arm-none-eabi/13.2.1/thumb/nofp\libgcc.a(_udivsi3.o)
 .debug_frame   0x00000454       0xac C:/Dev/tools/arm-gnu-toolchain-13.2.Rel1-mingw-w64-i686-arm-none-eabi/bin/../lib/gcc/arm-none-eabi/13.2.1/thumb/nofp\libgcc.a(_arm_addsubdf3.o)
 .debug_frame   0x00000500       0x50 C:/Dev/tools/arm-gnu-toolchain-13.2.Rel1-mingw-w64-i686-arm-none-eabi/bin/../lib/gcc/arm-none-eabi/13.2.1/thumb/nofp\libgcc.a(_arm_muldivdf3.o)
 .debug_frame   0x00000550       0x24 C:/Dev/tools/arm-gnu-toolchain-13.2.Rel1-mingw-w64-i686-arm-none-eabi/bin/../lib/gcc/arm-none-eabi/13.2.1/thumb/nofp\libgcc.a(_arm_fixunsdfsi.o)
 .debug_frame   0x00000574       0x4c C:/Dev/tools/arm-gnu-toolchain-13.2.Rel1-mingw-w64-i686-arm-none-eabi/bin/../lib/gcc/arm-none-eabi/13.2.1/thumb/nofp\libgcc.a(_arm_addsubsf3.o)
 .debug_frame   0x000005c0       0x38 C:/Dev/tools/arm-gnu-toolchain-13.2.Rel1-mingw-w64-i686-arm-none-eabi/bin/../lib/gcc/arm-none-eabi/13.2.1/thumb/nofp\libgcc.a(_arm_muldivsf3.o)
 .debug_frame   0x000005f8       0xc8 C:/Dev/tools/arm-gnu-toolchain-13.2.Rel1-mingw-w64-i686-arm-none-eabi/bin/../lib/gcc/arm-none-eabi/13.2.1/thumb/nofp\libgcc.a(_arm_cmpsf2.o)
 .debug_frame   0x000006c0       0x24 C:/Dev/tools/arm-gnu-toolchain-13.2.Rel1-mingw-w64-i686-arm-none-eabi/bin/../lib/gcc/arm-none-eabi/13.2.1/thumb/nofp\libgcc.a(_arm_unordsf2.o)
 .debug_frame   0x000006e4       0x24 C:/Dev/tools/arm-gnu-toolchain-13.2.Rel1-mingw-w64-i686-arm-none-eabi/bin/../lib/gcc/arm-none-eabi/13.2.1/thumb/nofp\libgcc.a(_arm_fixunssfsi.o)
 .debug_frame   0x00000708      0x2b8 C:/Dev/tools/arm-gnu-toolchain-13.2.Rel1-mingw-w64-i686-arm-none-eabi/bin/../lib/gcc/arm-none-eabi/13.2.1/thumb/nofp\libgcc.a(unwind-arm.o)
 .debug_frame   0x000009c0       0xf4 C:/Dev/tools/arm-gnu-toolchain-13.2.Rel1-mingw-w64-i686-arm-none-eabi/bin/../lib/gcc/arm-none-eabi/13.2.1/thumb/nofp\libgcc.a(pr-support.o)
 .debug_frame   0x00000ab4      0x35c C:/Dev/tools/arm-gnu-toolchain-13.2.Rel1-mingw-w64-i686-arm-none-eabi/bin/../lib/gcc/arm-none-eabi/13.2.1/thumb/nofp\librdimon.a(arm_librdimon_a-syscalls.o)
 .debug_frame   0x00000e10       0x38 C:/Dev/tools/arm-gnu-toolchain-13.2.Rel1-mingw-w64-i686-arm-none-eabi/bin/../lib/gcc/arm-none-eabi/13.2.1/thumb/nofp\libm.a(libm_a-s_ceil.o)
 .debug_frame   0x00000e48       0x38 C:/Dev/tools/arm-gnu-toolchain-13.2.Rel1-mingw-w64-i686-arm-none-eabi/bin/../lib/gcc/arm-none-eabi/13.2.1/thumb/nofp\libm.a(libm_a-s_floor.o)
 .debug_frame   0x00000e80       0x30 C:/Dev/tools/arm-gnu-toolchain-13.2.Rel1-mingw-w64-i686-arm-none-eabi/bin/../lib/gcc/arm-none-eabi/13.2.1/thumb/nofp\libm.a(libm_a-s_round.o)
 .debug_frame   0x00000eb0       0x34 C:/Dev/tools/arm-gnu-toolchain-13.2.Rel1-mingw-w64-i686-arm-none-eabi/bin/../lib/gcc/arm-none-eabi/13.2.1/thumb/nofp\libm.a(libm_a-sf_ceil.o)
 .debug_frame   0x00000ee4       0x34 C:/Dev/tools/arm-gnu-toolchain-13.2.Rel1-mingw-w64-i686-arm-none-eabi/bin/../lib/gcc/arm-none-eabi/13.2.1/thumb/nofp\libm.a(libm_a-sf_floor.o)
 .debug_frame   0x00000f18       0x28 C:/Dev/tools/arm-gnu-toolchain-13.2.Rel1-mingw-w64-i686-arm-none-eabi/bin/../lib/gcc/arm-none-eabi/13.2.1/thumb/nofp\libc.a(libc_a-abort.o)
 .debug_frame   0x00000f40       0x28 C:/Dev/tools/arm-gnu-toolchain-13.2.Rel1-mingw-w64-i686-arm-none-eabi/bin/../lib/gcc/arm-none-eabi/13.2.1/thumb/nofp\libc.a(libc_a-exit.o)
 .debug_frame   0x00000f68      0x138 C:/Dev/tools/arm-gnu-toolchain-13.2.Rel1-mingw-w64-i686-arm-none-eabi/bin/../lib/gcc/arm-none-eabi/13.2.1/thumb/nofp\libc.a(libc_a-findfp.o)
 .debug_frame   0x000010a0       0x38 C:/Dev/tools/arm-gnu-toolchain-13.2.Rel1-mingw-w64-i686-arm-none-eabi/bin/../lib/gcc/arm-none-eabi/13.2.1/thumb/nofp\libc.a(libc_a-fwalk.o)
 .debug_frame   0x000010d8       0x90 C:/Dev/tools/arm-gnu-toolchain-13.2.Rel1-mingw-w64-i686-arm-none-eabi/bin/../lib/gcc/arm-none-eabi/13.2.1/thumb/nofp\libc.a(libc_a-stdio.o)
 .debug_frame   0x00001168       0x30 C:/Dev/tools/arm-gnu-toolchain-13.2.Rel1-mingw-w64-i686-arm-none-eabi/bin/../lib/gcc/arm-none-eabi/13.2.1/thumb/nofp\libc.a(libc_a-memset.o)
 .debug_frame   0x00001198       0xf8 C:/Dev/tools/arm-gnu-toolchain-13.2.Rel1-mingw-w64-i686-arm-none-eabi/bin/../lib/gcc/arm-none-eabi/13.2.1/thumb/nofp\libc.a(libc_a-signal.o)
 .debug_frame   0x00001290       0x2c C:/Dev/tools/arm-gnu-toolchain-13.2.Rel1-mingw-w64-i686-arm-none-eabi/bin/../lib/gcc/arm-none-eabi/13.2.1/thumb/nofp\libc.a(libc_a-closer.o)
 .debug_frame   0x000012bc       0x2c C:/Dev/tools/arm-gnu-toolchain-13.2.Rel1-mingw-w64-i686-arm-none-eabi/bin/../lib/gcc/arm-none-eabi/13.2.1/thumb/nofp\libc.a(libc_a-reent.o)
 .debug_frame   0x000012e8       0x2c C:/Dev/tools/arm-gnu-toolchain-13.2.Rel1-mingw-w64-i686-arm-none-eabi/bin/../lib/gcc/arm-none-eabi/13.2.1/thumb/nofp\libc.a(libc_a-lseekr.o)
 .debug_frame   0x00001314       0x2c C:/Dev/tools/arm-gnu-toolchain-13.2.Rel1-mingw-w64-i686-arm-none-eabi/bin/../lib/gcc/arm-none-eabi/13.2.1/thumb/nofp\libc.a(libc_a-readr.o)
 .debug_frame   0x00001340       0x44 C:/Dev/tools/arm-gnu-toolchain-13.2.Rel1-mingw-w64-i686-arm-none-eabi/bin/../lib/gcc/arm-none-eabi/13.2.1/thumb/nofp\libc.a(libc_a-signalr.o)
 .debug_frame   0x00001384       0x2c C:/Dev/tools/arm-gnu-toolchain-13.2.Rel1-mingw-w64-i686-arm-none-eabi/bin/../lib/gcc/arm-none-eabi/13.2.1/thumb/nofp\libc.a(libc_a-writer.o)
 .debug_frame   0x000013b0       0x20 C:/Dev/tools/arm-gnu-toolchain-13.2.Rel1-mingw-w64-i686-arm-none-eabi/bin/../lib/gcc/arm-none-eabi/13.2.1/thumb/nofp\libc.a(libc_a-errno.o)
 .debug_frame   0x000013d0       0x2c C:/Dev/tools/arm-gnu-toolchain-13.2.Rel1-mingw-w64-i686-arm-none-eabi/bin/../lib/gcc/arm-none-eabi/13.2.1/thumb/nofp\libc.a(libc_a-init.o)
 .debug_frame   0x000013fc       0xb0 C:/Dev/tools/arm-gnu-toolchain-13.2.Rel1-mingw-w64-i686-arm-none-eabi/bin/../lib/gcc/arm-none-eabi/13.2.1/thumb/nofp\libc.a(libc_a-lock.o)
 .debug_frame   0x000014ac       0x30 C:/Dev/tools/arm-gnu-toolchain-13.2.Rel1-mingw-w64-i686-arm-none-eabi/bin/../lib/gcc/arm-none-eabi/13.2.1/thumb/nofp\libc.a(libc_a-memcpy-stub.o)
 .debug_frame   0x000014dc       0x28 C:/Dev/tools/arm-gnu-toolchain-13.2.Rel1-mingw-w64-i686-arm-none-eabi/bin/../lib/gcc/arm-none-eabi/13.2.1/thumb/nofp\libc.a(libc_a-strlen-stub.o)
 .debug_frame   0x00001504       0x54 C:/Dev/tools/arm-gnu-toolchain-13.2.Rel1-mingw-w64-i686-arm-none-eabi/bin/../lib/gcc/arm-none-eabi/13.2.1/thumb/nofp\libc.a(libc_a-__call_atexit.o)
 .debug_frame   0x00001558       0x28 C:/Dev/tools/arm-gnu-toolchain-13.2.Rel1-mingw-w64-i686-arm-none-eabi/bin/../lib/gcc/arm-none-eabi/13.2.1/thumb/nofp\libc.a(libc_a-atexit.o)
 .debug_frame   0x00001580       0x5c C:/Dev/tools/arm-gnu-toolchain-13.2.Rel1-mingw-w64-i686-arm-none-eabi/bin/../lib/gcc/arm-none-eabi/13.2.1/thumb/nofp\libc.a(libc_a-freer.o)
 .debug_frame   0x000015dc       0x3c C:/Dev/tools/arm-gnu-toolchain-13.2.Rel1-mingw-w64-i686-arm-none-eabi/bin/../lib/gcc/arm-none-eabi/13.2.1/thumb/nofp\libc.a(libc_a-mallocr.o)
 .debug_frame   0x00001618       0x40 C:/Dev/tools/arm-gnu-toolchain-13.2.Rel1-mingw-w64-i686-arm-none-eabi/bin/../lib/gcc/arm-none-eabi/13.2.1/thumb/nofp\libc.a(libc_a-mlock.o)
 .debug_frame   0x00001658       0x44 C:/Dev/tools/arm-gnu-toolchain-13.2.Rel1-mingw-w64-i686-arm-none-eabi/bin/../lib/gcc/arm-none-eabi/13.2.1/thumb/nofp\libc.a(libc_a-fclose.o)
 .debug_frame   0x0000169c       0x6c C:/Dev/tools/arm-gnu-toolchain-13.2.Rel1-mingw-w64-i686-arm-none-eabi/bin/../lib/gcc/arm-none-eabi/13.2.1/thumb/nofp\libc.a(libc_a-fflush.o)
 .debug_frame   0x00001708       0x2c C:/Dev/tools/arm-gnu-toolchain-13.2.Rel1-mingw-w64-i686-arm-none-eabi/bin/../lib/gcc/arm-none-eabi/13.2.1/thumb/nofp\libc.a(libc_a-sbrkr.o)
 .debug_frame   0x00001734       0x2c C:/Dev/tools/arm-gnu-toolchain-13.2.Rel1-mingw-w64-i686-arm-none-eabi/bin/../lib/gcc/arm-none-eabi/13.2.1/thumb/nofp\libc.a(libc_a-fini.o)
 .debug_frame   0x00001760       0x28 C:/Dev/tools/arm-gnu-toolchain-13.2.Rel1-mingw-w64-i686-arm-none-eabi/bin/../lib/gcc/arm-none-eabi/13.2.1/thumb/nofp\libc.a(libc_a-sysconf.o)
 .debug_frame   0x00001788       0x38 C:/Dev/tools/arm-gnu-toolchain-13.2.Rel1-mingw-w64-i686-arm-none-eabi/bin/../lib/gcc/arm-none-eabi/13.2.1/thumb/nofp\libc.a(libc_a-__atexit.o)
 .debug_frame   0x000017c0       0xc4 C:/Dev/tools/arm-gnu-toolchain-13.2.Rel1-mingw-w64-i686-arm-none-eabi/bin/../lib/gcc/arm-none-eabi/13.2.1/thumb/nofp\libgcc.a(_arm_cmpdf2.o)
 .debug_frame   0x00001884       0x28 C:/Dev/tools/arm-gnu-toolchain-13.2.Rel1-mingw-w64-i686-arm-none-eabi/bin/../lib/gcc/arm-none-eabi/13.2.1/thumb/nofp\librdimon.a(arm_librdimon_a-_exit.o)
 .debug_frame   0x000018ac       0x44 C:/Dev/tools/arm-gnu-toolchain-13.2.Rel1-mingw-w64-i686-arm-none-eabi/bin/../lib/gcc/arm-none-eabi/13.2.1/thumb/nofp\librdimon.a(arm_librdimon_a-_kill.o)

.debug_str      0x00000000    0x11b80
 *(.debug_str)
 .debug_str     0x00000000    0x11b80 debug/main.o
                               0x9692 (size before relaxing)
 .debug_str     0x00011b80    0x1022f debug/Options.o
 .debug_str     0x00011b80     0x4271 debug/ADuC7126Bits.o
 .debug_str     0x00011b80     0xfc43 debug/Initial.o
 .debug_str     0x00011b80     0xc610 debug/UART.o
 .debug_str     0x00011b80     0x9b19 debug/LCDDriver.o

.debug_loc
 *(.debug_loc)

.debug_macinfo
 *(.debug_macinfo)

.debug_weaknames
 *(.debug_weaknames)

.debug_funcnames
 *(.debug_funcnames)

.debug_typenames
 *(.debug_typenames)

.debug_varnames
 *(.debug_varnames)

.debug_pubtypes
 *(.debug_pubtypes)

.debug_ranges
 *(.debug_ranges)

.debug_addr
 *(.debug_addr)

.debug_line_str
                0x00000000      0x1b7
 *(.debug_line_str)
 .debug_line_str
                0x00000000      0x1b7 C:/Dev/tools/arm-gnu-toolchain-13.2.Rel1-mingw-w64-i686-arm-none-eabi/bin/../lib/gcc/arm-none-eabi/13.2.1/thumb/nofp/rdimon-crt0.o
                                 0xcd (size before relaxing)
 .debug_line_str
                0x000001b7       0xc4 C:/Dev/tools/arm-gnu-toolchain-13.2.Rel1-mingw-w64-i686-arm-none-eabi/bin/../lib/gcc/arm-none-eabi/13.2.1/thumb/nofp\libgcc.a(_udivsi3.o)
 .debug_line_str
                0x000001b7       0xc4 C:/Dev/tools/arm-gnu-toolchain-13.2.Rel1-mingw-w64-i686-arm-none-eabi/bin/../lib/gcc/arm-none-eabi/13.2.1/thumb/nofp\libgcc.a(_dvmd_tls.o)
 .debug_line_str
                0x000001b7       0xc5 C:/Dev/tools/arm-gnu-toolchain-13.2.Rel1-mingw-w64-i686-arm-none-eabi/bin/../lib/gcc/arm-none-eabi/13.2.1/thumb/nofp\libgcc.a(_arm_addsubdf3.o)
 .debug_line_str
                0x000001b7       0xc5 C:/Dev/tools/arm-gnu-toolchain-13.2.Rel1-mingw-w64-i686-arm-none-eabi/bin/../lib/gcc/arm-none-eabi/13.2.1/thumb/nofp\libgcc.a(_arm_muldivdf3.o)
 .debug_line_str
                0x000001b7       0xc5 C:/Dev/tools/arm-gnu-toolchain-13.2.Rel1-mingw-w64-i686-arm-none-eabi/bin/../lib/gcc/arm-none-eabi/13.2.1/thumb/nofp\libgcc.a(_arm_fixunsdfsi.o)
 .debug_line_str
                0x000001b7       0xc5 C:/Dev/tools/arm-gnu-toolchain-13.2.Rel1-mingw-w64-i686-arm-none-eabi/bin/../lib/gcc/arm-none-eabi/13.2.1/thumb/nofp\libgcc.a(_arm_addsubsf3.o)
 .debug_line_str
                0x000001b7       0xc5 C:/Dev/tools/arm-gnu-toolchain-13.2.Rel1-mingw-w64-i686-arm-none-eabi/bin/../lib/gcc/arm-none-eabi/13.2.1/thumb/nofp\libgcc.a(_arm_muldivsf3.o)
 .debug_line_str
                0x000001b7       0xc5 C:/Dev/tools/arm-gnu-toolchain-13.2.Rel1-mingw-w64-i686-arm-none-eabi/bin/../lib/gcc/arm-none-eabi/13.2.1/thumb/nofp\libgcc.a(_arm_cmpsf2.o)
 .debug_line_str
                0x000001b7       0xc5 C:/Dev/tools/arm-gnu-toolchain-13.2.Rel1-mingw-w64-i686-arm-none-eabi/bin/../lib/gcc/arm-none-eabi/13.2.1/thumb/nofp\libgcc.a(_arm_unordsf2.o)
 .debug_line_str
                0x000001b7       0xc5 C:/Dev/tools/arm-gnu-toolchain-13.2.Rel1-mingw-w64-i686-arm-none-eabi/bin/../lib/gcc/arm-none-eabi/13.2.1/thumb/nofp\libgcc.a(_arm_fixunssfsi.o)
 .debug_line_str
                0x000001b7       0xc4 C:/Dev/tools/arm-gnu-toolchain-13.2.Rel1-mingw-w64-i686-arm-none-eabi/bin/../lib/gcc/arm-none-eabi/13.2.1/thumb/nofp\libgcc.a(libunwind.o)
 .debug_line_str
                0x000001b7       0xc5 C:/Dev/tools/arm-gnu-toolchain-13.2.Rel1-mingw-w64-i686-arm-none-eabi/bin/../lib/gcc/arm-none-eabi/13.2.1/thumb/nofp\libgcc.a(_arm_cmpdf2.o)

.debug_loclists
 *(.debug_loclists)

.debug_macro    0x00000000     0x3fe0
 *(.debug_macro)
 .debug_macro   0x00000000      0x15d debug/main.o
 .debug_macro   0x0000015d      0xbf8 debug/main.o
 .debug_macro   0x00000d55       0x10 debug/main.o
 .debug_macro   0x00000d65      0x1f2 debug/main.o
 .debug_macro   0x00000f57       0x10 debug/main.o
 .debug_macro   0x00000f67       0xc8 debug/main.o
 .debug_macro   0x0000102f      0x103 debug/main.o
 .debug_macro   0x00001132      0x353 debug/main.o
 .debug_macro   0x00001485       0x22 debug/main.o
 .debug_macro   0x000014a7       0x75 debug/main.o
 .debug_macro   0x0000151c       0x24 debug/main.o
 .debug_macro   0x00001540       0x94 debug/main.o
 .debug_macro   0x000015d4       0x3c debug/main.o
 .debug_macro   0x00001610       0x34 debug/main.o
 .debug_macro   0x00001644       0x16 debug/main.o
 .debug_macro   0x0000165a       0x57 debug/main.o
 .debug_macro   0x000016b1       0x9e debug/main.o
 .debug_macro   0x0000174f      0x38c debug/main.o
 .debug_macro   0x00001adb      0x119 debug/main.o
 .debug_macro   0x00001bf4       0x10 debug/main.o
 .debug_macro   0x00001c04       0x16 debug/main.o
 .debug_macro   0x00001c1a       0x4a debug/main.o
 .debug_macro   0x00001c64       0x34 debug/main.o
 .debug_macro   0x00001c98       0x10 debug/main.o
 .debug_macro   0x00001ca8       0x58 debug/main.o
 .debug_macro   0x00001d00      0x1de debug/main.o
 .debug_macro   0x00001ede       0x16 debug/main.o
 .debug_macro   0x00001ef4       0x16 debug/main.o
 .debug_macro   0x00001f0a      0x138 debug/main.o
 .debug_macro   0x00002042      0x11d debug/main.o
 .debug_macro   0x0000215f       0x16 debug/main.o
 .debug_macro   0x00002175      0x31e debug/Options.o
 .debug_macro   0x00002493       0x10 debug/Options.o
 .debug_macro   0x000024a3      0x602 debug/Options.o
 .debug_macro   0x00002aa5       0x40 debug/Options.o
 .debug_macro   0x00002ae5       0x18 debug/Options.o
 .debug_macro   0x00002afd      0x197 debug/Options.o
 .debug_macro   0x00002c94      0x194 debug/Options.o
 .debug_macro   0x00002e28       0x10 debug/Options.o
 .debug_macro   0x00002e38       0x16 debug/Options.o
 .debug_macro   0x00002e4e       0x3c debug/Options.o
 .debug_macro   0x00002e8a       0x16 debug/Options.o
 .debug_macro   0x00002ea0       0x29 debug/Options.o
 .debug_macro   0x00002ec9       0x10 debug/Options.o
 .debug_macro   0x00002ed9      0x3ce debug/Options.o
 .debug_macro   0x000032a7       0x16 debug/Options.o
 .debug_macro   0x000032bd       0x1c debug/Options.o
 .debug_macro   0x000032d9       0x4f debug/Options.o
 .debug_macro   0x00003328       0x6a debug/Options.o
 .debug_macro   0x00003392       0x25 debug/Options.o
 .debug_macro   0x000033b7       0x18 debug/Options.o
 .debug_macro   0x000033cf       0x27 debug/Options.o
 .debug_macro   0x000033f6       0x28 debug/Options.o
 .debug_macro   0x0000341e       0x2e debug/Options.o
 .debug_macro   0x0000344c       0x1f debug/Options.o
 .debug_macro   0x0000346b       0x88 debug/Options.o
 .debug_macro   0x000034f3       0x19 debug/Options.o
 .debug_macro   0x0000350c      0x120 debug/Options.o
 .debug_macro   0x0000362c       0x11 debug/Options.o
 .debug_macro   0x0000363d       0x17 debug/Options.o
 .debug_macro   0x00003654       0x17 debug/Options.o
 .debug_macro   0x0000366b       0x17 debug/Options.o
 .debug_macro   0x00003682       0x17 debug/Options.o
 .debug_macro   0x00003699       0x17 debug/Options.o
 .debug_macro   0x000036b0       0x17 debug/Options.o
 .debug_macro   0x000036c7       0x7c debug/Options.o
 .debug_macro   0x00003743       0x17 debug/Options.o
 .debug_macro   0x0000375a       0xee debug/Options.o
 .debug_macro   0x00003848       0x1c debug/Options.o
 .debug_macro   0x00003864       0x1a debug/ADuC7126Bits.o
 .debug_macro   0x0000387e      0x2f5 debug/Initial.o
 .debug_macro   0x00003b73       0x10 debug/Initial.o
 .debug_macro   0x00003b83      0x2c4 debug/UART.o
 .debug_macro   0x00003e47      0x199 debug/LCDDriver.o

.debug_names
 *(.debug_names)

.debug_rnglists
                0x00000000      0x117
 *(.debug_rnglists)
 .debug_rnglists
                0x00000000       0x13 debug/main.o
 .debug_rnglists
                0x00000013       0x35 debug/Options.o
 .debug_rnglists
                0x00000048       0x55 debug/Initial.o
 .debug_rnglists
                0x0000009d       0x20 debug/UART.o
 .debug_rnglists
                0x000000bd       0x5a debug/LCDDriver.o

.debug_str_offsets
 *(.debug_str_offsets)

.debug_sup
 *(.debug_sup)

.ARM.attributes
                0x00000000       0x26
 *(.ARM.attributes)
 .ARM.attributes
                0x00000000       0x1c C:/Dev/tools/arm-gnu-toolchain-13.2.Rel1-mingw-w64-i686-arm-none-eabi/bin/../lib/gcc/arm-none-eabi/13.2.1/thumb/nofp/crti.o
 .ARM.attributes
                0x0000001c       0x2a C:/Dev/tools/arm-gnu-toolchain-13.2.Rel1-mingw-w64-i686-arm-none-eabi/bin/../lib/gcc/arm-none-eabi/13.2.1/thumb/nofp/crtbegin.o
 .ARM.attributes
                0x00000046       0x1a C:/Dev/tools/arm-gnu-toolchain-13.2.Rel1-mingw-w64-i686-arm-none-eabi/bin/../lib/gcc/arm-none-eabi/13.2.1/thumb/nofp/rdimon-crt0.o
 .ARM.attributes
                0x00000060       0x2a debug/main.o
 .ARM.attributes
                0x0000008a       0x2a debug/Options.o
 .ARM.attributes
                0x000000b4       0x2a debug/ADuC7126Bits.o
 .ARM.attributes
                0x000000de       0x2a debug/Initial.o
 .ARM.attributes
                0x00000108       0x2a debug/UART.o
 .ARM.attributes
                0x00000132       0x2a debug/ADCDriver.o
 .ARM.attributes
                0x0000015c       0x2a debug/LCDDriver.o
 .ARM.attributes
                0x00000186       0x2a debug/PWMDriver.o
 .ARM.attributes
                0x000001b0       0x1c C:/Dev/tools/arm-gnu-toolchain-13.2.Rel1-mingw-w64-i686-arm-none-eabi/bin/../lib/gcc/arm-none-eabi/13.2.1/thumb/nofp\libgcc.a(_udivsi3.o)
 .ARM.attributes
                0x000001cc       0x1c C:/Dev/tools/arm-gnu-toolchain-13.2.Rel1-mingw-w64-i686-arm-none-eabi/bin/../lib/gcc/arm-none-eabi/13.2.1/thumb/nofp\libgcc.a(_dvmd_tls.o)
 .ARM.attributes
                0x000001e8       0x1c C:/Dev/tools/arm-gnu-toolchain-13.2.Rel1-mingw-w64-i686-arm-none-eabi/bin/../lib/gcc/arm-none-eabi/13.2.1/thumb/nofp\libgcc.a(_arm_addsubdf3.o)
 .ARM.attributes
                0x00000204       0x1c C:/Dev/tools/arm-gnu-toolchain-13.2.Rel1-mingw-w64-i686-arm-none-eabi/bin/../lib/gcc/arm-none-eabi/13.2.1/thumb/nofp\libgcc.a(_arm_muldivdf3.o)
 .ARM.attributes
                0x00000220       0x1c C:/Dev/tools/arm-gnu-toolchain-13.2.Rel1-mingw-w64-i686-arm-none-eabi/bin/../lib/gcc/arm-none-eabi/13.2.1/thumb/nofp\libgcc.a(_arm_fixunsdfsi.o)
 .ARM.attributes
                0x0000023c       0x1c C:/Dev/tools/arm-gnu-toolchain-13.2.Rel1-mingw-w64-i686-arm-none-eabi/bin/../lib/gcc/arm-none-eabi/13.2.1/thumb/nofp\libgcc.a(_arm_addsubsf3.o)
 .ARM.attributes
                0x00000258       0x1c C:/Dev/tools/arm-gnu-toolchain-13.2.Rel1-mingw-w64-i686-arm-none-eabi/bin/../lib/gcc/arm-none-eabi/13.2.1/thumb/nofp\libgcc.a(_arm_muldivsf3.o)
 .ARM.attributes
                0x00000274       0x1c C:/Dev/tools/arm-gnu-toolchain-13.2.Rel1-mingw-w64-i686-arm-none-eabi/bin/../lib/gcc/arm-none-eabi/13.2.1/thumb/nofp\libgcc.a(_arm_cmpsf2.o)
 .ARM.attributes
                0x00000290       0x1c C:/Dev/tools/arm-gnu-toolchain-13.2.Rel1-mingw-w64-i686-arm-none-eabi/bin/../lib/gcc/arm-none-eabi/13.2.1/thumb/nofp\libgcc.a(_arm_unordsf2.o)
 .ARM.attributes
                0x000002ac       0x1c C:/Dev/tools/arm-gnu-toolchain-13.2.Rel1-mingw-w64-i686-arm-none-eabi/bin/../lib/gcc/arm-none-eabi/13.2.1/thumb/nofp\libgcc.a(_arm_fixunssfsi.o)
 .ARM.attributes
                0x000002c8       0x2a C:/Dev/tools/arm-gnu-toolchain-13.2.Rel1-mingw-w64-i686-arm-none-eabi/bin/../lib/gcc/arm-none-eabi/13.2.1/thumb/nofp\libgcc.a(unwind-arm.o)
 .ARM.attributes
                0x000002f2       0x1c C:/Dev/tools/arm-gnu-toolchain-13.2.Rel1-mingw-w64-i686-arm-none-eabi/bin/../lib/gcc/arm-none-eabi/13.2.1/thumb/nofp\libgcc.a(libunwind.o)
 .ARM.attributes
                0x0000030e       0x2a C:/Dev/tools/arm-gnu-toolchain-13.2.Rel1-mingw-w64-i686-arm-none-eabi/bin/../lib/gcc/arm-none-eabi/13.2.1/thumb/nofp\libgcc.a(pr-support.o)
 .ARM.attributes
                0x00000338       0x2a C:/Dev/tools/arm-gnu-toolchain-13.2.Rel1-mingw-w64-i686-arm-none-eabi/bin/../lib/gcc/arm-none-eabi/13.2.1/thumb/nofp\librdimon.a(arm_librdimon_a-syscalls.o)
 .ARM.attributes
                0x00000362       0x2a C:/Dev/tools/arm-gnu-toolchain-13.2.Rel1-mingw-w64-i686-arm-none-eabi/bin/../lib/gcc/arm-none-eabi/13.2.1/thumb/nofp\libm.a(libm_a-s_ceil.o)
 .ARM.attributes
                0x0000038c       0x2a C:/Dev/tools/arm-gnu-toolchain-13.2.Rel1-mingw-w64-i686-arm-none-eabi/bin/../lib/gcc/arm-none-eabi/13.2.1/thumb/nofp\libm.a(libm_a-s_floor.o)
 .ARM.attributes
                0x000003b6       0x2a C:/Dev/tools/arm-gnu-toolchain-13.2.Rel1-mingw-w64-i686-arm-none-eabi/bin/../lib/gcc/arm-none-eabi/13.2.1/thumb/nofp\libm.a(libm_a-s_round.o)
 .ARM.attributes
                0x000003e0       0x2a C:/Dev/tools/arm-gnu-toolchain-13.2.Rel1-mingw-w64-i686-arm-none-eabi/bin/../lib/gcc/arm-none-eabi/13.2.1/thumb/nofp\libm.a(libm_a-sf_ceil.o)
 .ARM.attributes
                0x0000040a       0x2a C:/Dev/tools/arm-gnu-toolchain-13.2.Rel1-mingw-w64-i686-arm-none-eabi/bin/../lib/gcc/arm-none-eabi/13.2.1/thumb/nofp\libm.a(libm_a-sf_floor.o)
 .ARM.attributes
                0x00000434       0x2a C:/Dev/tools/arm-gnu-toolchain-13.2.Rel1-mingw-w64-i686-arm-none-eabi/bin/../lib/gcc/arm-none-eabi/13.2.1/thumb/nofp\libc.a(libc_a-abort.o)
 .ARM.attributes
                0x0000045e       0x2a C:/Dev/tools/arm-gnu-toolchain-13.2.Rel1-mingw-w64-i686-arm-none-eabi/bin/../lib/gcc/arm-none-eabi/13.2.1/thumb/nofp\libc.a(libc_a-exit.o)
 .ARM.attributes
                0x00000488       0x2a C:/Dev/tools/arm-gnu-toolchain-13.2.Rel1-mingw-w64-i686-arm-none-eabi/bin/../lib/gcc/arm-none-eabi/13.2.1/thumb/nofp\libc.a(libc_a-findfp.o)
 .ARM.attributes
                0x000004b2       0x2a C:/Dev/tools/arm-gnu-toolchain-13.2.Rel1-mingw-w64-i686-arm-none-eabi/bin/../lib/gcc/arm-none-eabi/13.2.1/thumb/nofp\libc.a(libc_a-fwalk.o)
 .ARM.attributes